[+] Containers:
 |- [+] Container: /Game/ThirdPerson/Maps/PlayGround
 |   |- [+] ActorDescs:
 |   |   |- Guid:08F232D31D7131FFBBC86C2712C9335A NativeClass:/Script/Engine.SkyLight Name:SkyLight_0 Label:SkyLight SpatiallyLoaded:false EditorBounds:IsValid=true, Min=(X=-1.000 Y=-1.000 Z=-1.000), Max=(X=1.000 Y=1.000 Z=690.000) RuntimeBounds:IsValid=true, Min=(X=0.000 Y=0.000 Z=690.000), Max=(X=0.000 Y=0.000 Z=690.000) RuntimeGrid:None EditorOnly:false RuntimeOnly:false HLODRelevant:false ListedInSceneOutliner:true IsMainWorldOnly:false FolderPath:Lighting FolderGuid:08A10B054C95868C663DE39EE4343813
 |   |   |- Guid:1DDD6A042130309F8F56B19BEF3F6D09 NativeClass:/Script/Engine.TextRenderActor Name:TextRenderActor_1 Label:SceneText1 SpatiallyLoaded:true EditorBounds:IsValid=true, Min=(X=-128.100 Y=972.000 Z=12.013), Max=(X=127.900 Y=2248.077 Z=268.013) RuntimeBounds:IsValid=true, Min=(X=-0.100 Y=1100.000 Z=65.013), Max=(X=-0.100 Y=2248.077 Z=215.013) RuntimeGrid:None EditorOnly:false RuntimeOnly:false HLODRelevant:false ListedInSceneOutliner:true IsMainWorldOnly:false FolderPath:LevelBasics FolderGuid:376DFF3E485EC481EAB1BCBC4512903A
 |   |   |- Guid:4FA1A4B1F6413AD290AE48AD8B5C63F4 NativeClass:/Script/Engine.PlayerStart Name:PlayerStart_0 Label:PlayerStart SpatiallyLoaded:false EditorBounds:IsValid=true, Min=(X=1342.000 Y=6612.000 Z=74.013), Max=(X=1710.000 Y=6868.000 Z=330.013) RuntimeBounds:IsValid=true, Min=(X=1430.000 Y=6700.000 Z=110.013), Max=(X=1510.000 Y=6780.000 Z=294.013) RuntimeGrid:None EditorOnly:false RuntimeOnly:false HLODRelevant:false ListedInSceneOutliner:true IsMainWorldOnly:false FolderPath:LevelBasics FolderGuid:376DFF3E485EC481EAB1BCBC4512903A
 |   |   |- Guid:6150052DBC0430268E8C2C61EE34DB19 NativeClass:/Script/Engine.PostProcessVolume Name:PostProcessVolume_0 Label:PostProcessVolume SpatiallyLoaded:false EditorBounds:IsValid=true, Min=(X=0.000 Y=0.000 Z=400.000), Max=(X=200.000 Y=200.000 Z=600.000) RuntimeBounds:IsValid=true, Min=(X=0.000 Y=0.000 Z=400.000), Max=(X=200.000 Y=200.000 Z=600.000) RuntimeGrid:None EditorOnly:false RuntimeOnly:false HLODRelevant:false ListedInSceneOutliner:true IsMainWorldOnly:false FolderPath:Lighting FolderGuid:08A10B054C95868C663DE39EE4343813
 |   |   |- Guid:761E75B4521F39E3BBB5FF2EB33A3857 NativeClass:/Script/Engine.WorldDataLayers Name:WorldDataLayers Label:WorldDataLayers-1 SpatiallyLoaded:false EditorBounds:IsValid=false, Min=(X=0.000 Y=0.000 Z=0.000), Max=(X=0.000 Y=0.000 Z=0.000) RuntimeBounds:IsValid=false, Min=(X=0.000 Y=0.000 Z=0.000), Max=(X=0.000 Y=0.000 Z=0.000) RuntimeGrid:None EditorOnly:false RuntimeOnly:false HLODRelevant:false ListedInSceneOutliner:true IsMainWorldOnly:true FolderPath:LevelBasics FolderGuid:376DFF3E485EC481EAB1BCBC4512903A
 |   |   |- Guid:845A6FA25F1E3C0C8305DE1D9877DE73 NativeClass:/Script/Engine.SkyAtmosphere Name:SkyAtmosphere_1 Label:SkyAtmosphere SpatiallyLoaded:false EditorBounds:IsValid=true, Min=(X=-198.000 Y=-18.000 Z=892.000), Max=(X=170.000 Y=238.000 Z=1148.000) RuntimeBounds:IsValid=true, Min=(X=-70.000 Y=110.000 Z=1020.000), Max=(X=-70.000 Y=110.000 Z=1020.000) RuntimeGrid:None EditorOnly:false RuntimeOnly:false HLODRelevant:false ListedInSceneOutliner:true IsMainWorldOnly:false FolderPath:Lighting FolderGuid:08A10B054C95868C663DE39EE4343813
 |   |   |- Guid:8A233BAA476B31B991B61BEFE95FF724 NativeClass:/Script/Engine.StaticMeshActor Name:StaticMeshActor_33 Label:SM_Ground SpatiallyLoaded:true EditorBounds:IsValid=true, Min=(X=-3590.000 Y=-2880.000 Z=-50.000), Max=(X=19315.029 Y=13220.000 Z=0.000) RuntimeBounds:IsValid=true, Min=(X=-3590.000 Y=-2880.000 Z=-50.000), Max=(X=19315.029 Y=13220.000 Z=0.000) RuntimeGrid:None EditorOnly:false RuntimeOnly:false HLODRelevant:true ListedInSceneOutliner:true IsMainWorldOnly:false FolderPath:Playground FolderGuid:8CD33C9A4E75AD59B95486AC740693D6
 |   |   |- Guid:8AB893B63EA931239538379D9FAD36D1 NativeClass:/Script/Engine.DirectionalLight Name:DirectionalLight_1 Label:DirectionalLight SpatiallyLoaded:false EditorBounds:IsValid=false, Min=(X=0.000 Y=0.000 Z=0.000), Max=(X=0.000 Y=0.000 Z=0.000) RuntimeBounds:IsValid=false, Min=(X=0.000 Y=0.000 Z=0.000), Max=(X=0.000 Y=0.000 Z=0.000) RuntimeGrid:None EditorOnly:false RuntimeOnly:false HLODRelevant:false ListedInSceneOutliner:true IsMainWorldOnly:false FolderPath:Lighting FolderGuid:08A10B054C95868C663DE39EE4343813
 |   |   |- Guid:B09F27277C3B333C9F0FDE68C55B1B90 NativeClass:/Script/Engine.StaticMeshActor Name:StaticMeshActor_UAID_A4AE111137DC5EFB00_1594956423 Label:SM_SkySphere SpatiallyLoaded:false EditorBounds:IsValid=true, Min=(X=-1638400.000 Y=-1638400.000 Z=-1638400.000), Max=(X=1638400.000 Y=1638400.000 Z=1638400.000) RuntimeBounds:IsValid=true, Min=(X=-1638400.000 Y=-1638400.000 Z=-1638400.000), Max=(X=1638400.000 Y=1638400.000 Z=1638400.000) RuntimeGrid:None EditorOnly:false RuntimeOnly:false HLODRelevant:false ListedInSceneOutliner:true IsMainWorldOnly:false FolderPath:Lighting FolderGuid:08A10B054C95868C663DE39EE4343813
 |   |   |- Guid:EA83015554953327A4A5FAADE7093E36 NativeClass:/Script/Engine.VolumetricCloud Name:VolumetricCloud_1 Label:VolumetricCloud SpatiallyLoaded:false EditorBounds:IsValid=true, Min=(X=-128.000 Y=-128.000 Z=692.000), Max=(X=128.000 Y=128.000 Z=948.000) RuntimeBounds:IsValid=true, Min=(X=0.000 Y=0.000 Z=820.000), Max=(X=0.000 Y=0.000 Z=820.000) RuntimeGrid:None EditorOnly:false RuntimeOnly:false HLODRelevant:false ListedInSceneOutliner:true IsMainWorldOnly:false FolderPath:Lighting FolderGuid:08A10B054C95868C663DE39EE4343813
 |   |   |- Guid:FBF3E28EA0FD3D19844EE329ADA7F4DB NativeClass:/Script/Engine.ExponentialHeightFog Name:ExponentialHeightFog_1 Label:ExponentialHeightFog SpatiallyLoaded:false EditorBounds:IsValid=true, Min=(X=-5728.000 Y=-178.000 Z=-6978.000), Max=(X=-5472.000 Y=78.000 Z=-6722.000) RuntimeBounds:IsValid=true, Min=(X=-5600.000 Y=-50.000 Z=-6850.000), Max=(X=-5600.000 Y=-50.000 Z=-6850.000) RuntimeGrid:None EditorOnly:false RuntimeOnly:false HLODRelevant:false ListedInSceneOutliner:true IsMainWorldOnly:false FolderPath:Lighting FolderGuid:08A10B054C95868C663DE39EE4343813
 |   |- [+] Clusters:
 |   |   |- [+] [  0]
 |   |   |   |- Guid:08F232D31D7131FFBBC86C2712C9335A NativeClass:/Script/Engine.SkyLight Name:SkyLight_0 Label:SkyLight SpatiallyLoaded:false EditorBounds:IsValid=true, Min=(X=-1.000 Y=-1.000 Z=-1.000), Max=(X=1.000 Y=1.000 Z=690.000) RuntimeBounds:IsValid=true, Min=(X=0.000 Y=0.000 Z=690.000), Max=(X=0.000 Y=0.000 Z=690.000) RuntimeGrid:None EditorOnly:false RuntimeOnly:false HLODRelevant:false ListedInSceneOutliner:true IsMainWorldOnly:false FolderPath:Lighting FolderGuid:08A10B054C95868C663DE39EE4343813
 |   |   |- [+] [  1]
 |   |   |   |- Guid:1DDD6A042130309F8F56B19BEF3F6D09 NativeClass:/Script/Engine.TextRenderActor Name:TextRenderActor_1 Label:SceneText1 SpatiallyLoaded:true EditorBounds:IsValid=true, Min=(X=-128.100 Y=972.000 Z=12.013), Max=(X=127.900 Y=2248.077 Z=268.013) RuntimeBounds:IsValid=true, Min=(X=-0.100 Y=1100.000 Z=65.013), Max=(X=-0.100 Y=2248.077 Z=215.013) RuntimeGrid:None EditorOnly:false RuntimeOnly:false HLODRelevant:false ListedInSceneOutliner:true IsMainWorldOnly:false FolderPath:LevelBasics FolderGuid:376DFF3E485EC481EAB1BCBC4512903A
 |   |   |- [+] [  2]
 |   |   |   |- Guid:4FA1A4B1F6413AD290AE48AD8B5C63F4 NativeClass:/Script/Engine.PlayerStart Name:PlayerStart_0 Label:PlayerStart SpatiallyLoaded:false EditorBounds:IsValid=true, Min=(X=1342.000 Y=6612.000 Z=74.013), Max=(X=1710.000 Y=6868.000 Z=330.013) RuntimeBounds:IsValid=true, Min=(X=1430.000 Y=6700.000 Z=110.013), Max=(X=1510.000 Y=6780.000 Z=294.013) RuntimeGrid:None EditorOnly:false RuntimeOnly:false HLODRelevant:false ListedInSceneOutliner:true IsMainWorldOnly:false FolderPath:LevelBasics FolderGuid:376DFF3E485EC481EAB1BCBC4512903A
 |   |   |- [+] [  3]
 |   |   |   |- Guid:6150052DBC0430268E8C2C61EE34DB19 NativeClass:/Script/Engine.PostProcessVolume Name:PostProcessVolume_0 Label:PostProcessVolume SpatiallyLoaded:false EditorBounds:IsValid=true, Min=(X=0.000 Y=0.000 Z=400.000), Max=(X=200.000 Y=200.000 Z=600.000) RuntimeBounds:IsValid=true, Min=(X=0.000 Y=0.000 Z=400.000), Max=(X=200.000 Y=200.000 Z=600.000) RuntimeGrid:None EditorOnly:false RuntimeOnly:false HLODRelevant:false ListedInSceneOutliner:true IsMainWorldOnly:false FolderPath:Lighting FolderGuid:08A10B054C95868C663DE39EE4343813
 |   |   |- [+] [  4]
 |   |   |   |- Guid:761E75B4521F39E3BBB5FF2EB33A3857 NativeClass:/Script/Engine.WorldDataLayers Name:WorldDataLayers Label:WorldDataLayers-1 SpatiallyLoaded:false EditorBounds:IsValid=false, Min=(X=0.000 Y=0.000 Z=0.000), Max=(X=0.000 Y=0.000 Z=0.000) RuntimeBounds:IsValid=false, Min=(X=0.000 Y=0.000 Z=0.000), Max=(X=0.000 Y=0.000 Z=0.000) RuntimeGrid:None EditorOnly:false RuntimeOnly:false HLODRelevant:false ListedInSceneOutliner:true IsMainWorldOnly:true FolderPath:LevelBasics FolderGuid:376DFF3E485EC481EAB1BCBC4512903A
 |   |   |- [+] [  5]
 |   |   |   |- Guid:845A6FA25F1E3C0C8305DE1D9877DE73 NativeClass:/Script/Engine.SkyAtmosphere Name:SkyAtmosphere_1 Label:SkyAtmosphere SpatiallyLoaded:false EditorBounds:IsValid=true, Min=(X=-198.000 Y=-18.000 Z=892.000), Max=(X=170.000 Y=238.000 Z=1148.000) RuntimeBounds:IsValid=true, Min=(X=-70.000 Y=110.000 Z=1020.000), Max=(X=-70.000 Y=110.000 Z=1020.000) RuntimeGrid:None EditorOnly:false RuntimeOnly:false HLODRelevant:false ListedInSceneOutliner:true IsMainWorldOnly:false FolderPath:Lighting FolderGuid:08A10B054C95868C663DE39EE4343813
 |   |   |- [+] [  6]
 |   |   |   |- Guid:8A233BAA476B31B991B61BEFE95FF724 NativeClass:/Script/Engine.StaticMeshActor Name:StaticMeshActor_33 Label:SM_Ground SpatiallyLoaded:true EditorBounds:IsValid=true, Min=(X=-3590.000 Y=-2880.000 Z=-50.000), Max=(X=19315.029 Y=13220.000 Z=0.000) RuntimeBounds:IsValid=true, Min=(X=-3590.000 Y=-2880.000 Z=-50.000), Max=(X=19315.029 Y=13220.000 Z=0.000) RuntimeGrid:None EditorOnly:false RuntimeOnly:false HLODRelevant:true ListedInSceneOutliner:true IsMainWorldOnly:false FolderPath:Playground FolderGuid:8CD33C9A4E75AD59B95486AC740693D6
 |   |   |- [+] [  7]
 |   |   |   |- Guid:8AB893B63EA931239538379D9FAD36D1 NativeClass:/Script/Engine.DirectionalLight Name:DirectionalLight_1 Label:DirectionalLight SpatiallyLoaded:false EditorBounds:IsValid=false, Min=(X=0.000 Y=0.000 Z=0.000), Max=(X=0.000 Y=0.000 Z=0.000) RuntimeBounds:IsValid=false, Min=(X=0.000 Y=0.000 Z=0.000), Max=(X=0.000 Y=0.000 Z=0.000) RuntimeGrid:None EditorOnly:false RuntimeOnly:false HLODRelevant:false ListedInSceneOutliner:true IsMainWorldOnly:false FolderPath:Lighting FolderGuid:08A10B054C95868C663DE39EE4343813
 |   |   |- [+] [  8]
 |   |   |   |- Guid:B09F27277C3B333C9F0FDE68C55B1B90 NativeClass:/Script/Engine.StaticMeshActor Name:StaticMeshActor_UAID_A4AE111137DC5EFB00_1594956423 Label:SM_SkySphere SpatiallyLoaded:false EditorBounds:IsValid=true, Min=(X=-1638400.000 Y=-1638400.000 Z=-1638400.000), Max=(X=1638400.000 Y=1638400.000 Z=1638400.000) RuntimeBounds:IsValid=true, Min=(X=-1638400.000 Y=-1638400.000 Z=-1638400.000), Max=(X=1638400.000 Y=1638400.000 Z=1638400.000) RuntimeGrid:None EditorOnly:false RuntimeOnly:false HLODRelevant:false ListedInSceneOutliner:true IsMainWorldOnly:false FolderPath:Lighting FolderGuid:08A10B054C95868C663DE39EE4343813
 |   |   |- [+] [  9]
 |   |   |   |- Guid:EA83015554953327A4A5FAADE7093E36 NativeClass:/Script/Engine.VolumetricCloud Name:VolumetricCloud_1 Label:VolumetricCloud SpatiallyLoaded:false EditorBounds:IsValid=true, Min=(X=-128.000 Y=-128.000 Z=692.000), Max=(X=128.000 Y=128.000 Z=948.000) RuntimeBounds:IsValid=true, Min=(X=0.000 Y=0.000 Z=820.000), Max=(X=0.000 Y=0.000 Z=820.000) RuntimeGrid:None EditorOnly:false RuntimeOnly:false HLODRelevant:false ListedInSceneOutliner:true IsMainWorldOnly:false FolderPath:Lighting FolderGuid:08A10B054C95868C663DE39EE4343813
 |   |   |- [+] [ 10]
 |   |   |   |- Guid:FBF3E28EA0FD3D19844EE329ADA7F4DB NativeClass:/Script/Engine.ExponentialHeightFog Name:ExponentialHeightFog_1 Label:ExponentialHeightFog SpatiallyLoaded:false EditorBounds:IsValid=true, Min=(X=-5728.000 Y=-178.000 Z=-6978.000), Max=(X=-5472.000 Y=78.000 Z=-6722.000) RuntimeBounds:IsValid=true, Min=(X=-5600.000 Y=-50.000 Z=-6850.000), Max=(X=-5600.000 Y=-50.000 Z=-6850.000) RuntimeGrid:None EditorOnly:false RuntimeOnly:false HLODRelevant:false ListedInSceneOutliner:true IsMainWorldOnly:false FolderPath:Lighting FolderGuid:08A10B054C95868C663DE39EE4343813
 |- ContainerInstances:
 |- [+] MainContainer:
 |   |-        ID: 00000000000000000000000000000000
 |   |-  ParentID: 00000000000000000000000000000000
 |   |-    Bounds: IsValid=false, Min=(X=0.000 Y=0.000 Z=0.000), Max=(X=0.000 Y=0.000 Z=0.000)
 |   |- Transform: 0.000000,0.000000,0.000000|0.000000,0.000000,-0.000000|1.000000,1.000000,1.000000
 |   |- Container: /Game/ThirdPerson/Maps/PlayGround
----------------------------------------------------------------------------------------------------------------
PlayGround - Persistent Level
----------------------------------------------------------------------------------------------------------------
[+] Content of PlayGround Persistent Level
 |- Always loaded Actor Count: 11 
 |- Actor Path: /Game/ThirdPerson/Maps/PlayGround.PlayGround:PersistentLevel.DirectionalLight_1
 |- Actor Package: /Game/__ExternalActors__/ThirdPerson/Maps/PlayGround/6/YP/LW2DM84FQBZALRYPUR6HYT
 |- Actor Path: /Game/ThirdPerson/Maps/PlayGround.PlayGround:PersistentLevel.ExponentialHeightFog_1
 |- Actor Package: /Game/__ExternalActors__/ThirdPerson/Maps/PlayGround/3/3Z/PW2W8EYH5631EL7P7I2JWV
 |- Actor Path: /Game/ThirdPerson/Maps/PlayGround.PlayGround:PersistentLevel.PlayerStart_0
 |- Actor Package: /Game/__ExternalActors__/ThirdPerson/Maps/PlayGround/E/UQ/Y5T1OD1NH5KHJ37KEN1ZHX
 |- Actor Path: /Game/ThirdPerson/Maps/PlayGround.PlayGround:PersistentLevel.PostProcessVolume_0
 |- Actor Package: /Game/__ExternalActors__/ThirdPerson/Maps/PlayGround/1/XG/7KUM381FB46K8VMLJKGTNH
 |- Actor Path: /Game/ThirdPerson/Maps/PlayGround.PlayGround:PersistentLevel.SkyAtmosphere_1
 |- Actor Package: /Game/__ExternalActors__/ThirdPerson/Maps/PlayGround/1/8L/OWNAWRUH9FF26LNUDRT9NQ
 |- Actor Path: /Game/ThirdPerson/Maps/PlayGround.PlayGround:PersistentLevel.SkyLight_0
 |- Actor Package: /Game/__ExternalActors__/ThirdPerson/Maps/PlayGround/5/IB/2KSEZX7TSV93RB7167VGGK
 |- Actor Path: /Game/ThirdPerson/Maps/PlayGround.PlayGround:PersistentLevel.StaticMeshActor_33
 |- Actor Package: /Game/__ExternalActors__/ThirdPerson/Maps/PlayGround/6/Y0/0TPBWWVW7GYIUEF57TIC5M
 |- Actor Path: /Game/ThirdPerson/Maps/PlayGround.PlayGround:PersistentLevel.StaticMeshActor_UAID_A4AE111137DC5EFB00_1594956423
 |- Actor Package: /Game/__ExternalActors__/ThirdPerson/Maps/PlayGround/2/4O/DQ0UIPWX2PP3U1YNGD4IGT
 |- Actor Path: /Game/ThirdPerson/Maps/PlayGround.PlayGround:PersistentLevel.TextRenderActor_1
 |- Actor Package: /Game/__ExternalActors__/ThirdPerson/Maps/PlayGround/E/G4/0S58T9XL637HR00X070FMM
 |- Actor Path: /Game/ThirdPerson/Maps/PlayGround.PlayGround:PersistentLevel.VolumetricCloud_1
 |- Actor Package: /Game/__ExternalActors__/ThirdPerson/Maps/PlayGround/C/KJ/QYO1T0TZV8RA7ZYGQ74ACC
 |- Actor Path: /Game/ThirdPerson/Maps/PlayGround.PlayGround:PersistentLevel.WorldDataLayers
 |- Actor Package: /Game/__ExternalActors__/ThirdPerson/Maps/PlayGround/C/HG/10DGU3RLQWX3POH738JP6P

----------------------------------------------------------------------------------------------------------------
PlayGround - Runtime Hash Set
----------------------------------------------------------------------------------------------------------------

