[+] Containers:
 |- [+] Container: /Game/ThirdPerson/Maps/PlayGround
 |   |- [+] ActorDescs:
 |   |   |- Guid:08F232D31D7131FFBBC86C2712C9335A NativeClass:/Script/Engine.SkyLight Name:SkyLight_0 Label:SkyLight SpatiallyLoaded:false EditorBounds:IsValid=true, Min=(X=-1.000 Y=-1.000 Z=-1.000), Max=(X=1.000 Y=1.000 Z=690.000) RuntimeBounds:IsValid=true, Min=(X=0.000 Y=0.000 Z=690.000), Max=(X=0.000 Y=0.000 Z=690.000) RuntimeGrid:None EditorOnly:false RuntimeOnly:false HLODRelevant:false ListedInSceneOutliner:true IsMainWorldOnly:false FolderPath:Lighting FolderGuid:08A10B054C95868C663DE39EE4343813
 |   |   |- Guid:15DD8BD94BE83EDD320376896CE41FFE NativeClass:/Script/Engine.StaticMeshActor Name:StaticMeshActor_UAID_D45D64044938EB5D02_1103771078 Label:1Mx1M14 SpatiallyLoaded:true EditorBounds:IsValid=true, Min=(X=2210.000 Y=420.000 Z=0.000), Max=(X=2310.000 Y=520.000 Z=100.000) RuntimeBounds:IsValid=true, Min=(X=2210.000 Y=420.000 Z=0.000), Max=(X=2310.000 Y=520.000 Z=100.000) RuntimeGrid:None EditorOnly:false RuntimeOnly:false HLODRelevant:true ListedInSceneOutliner:true IsMainWorldOnly:false
 |   |   |- Guid:1DDD6A042130309F8F56B19BEF3F6D09 NativeClass:/Script/Engine.TextRenderActor Name:TextRenderActor_1 Label:SceneText1 SpatiallyLoaded:true EditorBounds:IsValid=true, Min=(X=-128.100 Y=972.000 Z=12.013), Max=(X=127.900 Y=2248.077 Z=268.013) RuntimeBounds:IsValid=true, Min=(X=-0.100 Y=1100.000 Z=65.013), Max=(X=-0.100 Y=2248.077 Z=215.013) RuntimeGrid:None EditorOnly:false RuntimeOnly:false HLODRelevant:false ListedInSceneOutliner:true IsMainWorldOnly:false FolderPath:LevelBasics FolderGuid:376DFF3E485EC481EAB1BCBC4512903A
 |   |   |- Guid:1F1CF9F3444F730561E21C8592271A08 NativeClass:/Script/Engine.StaticMeshActor Name:StaticMeshActor_UAID_D45D64044938EB5D02_1093241074 Label:1Mx1M10 SpatiallyLoaded:true EditorBounds:IsValid=true, Min=(X=410.000 Y=420.000 Z=0.000), Max=(X=510.000 Y=520.000 Z=100.000) RuntimeBounds:IsValid=true, Min=(X=410.000 Y=420.000 Z=0.000), Max=(X=510.000 Y=520.000 Z=100.000) RuntimeGrid:None EditorOnly:false RuntimeOnly:false HLODRelevant:true ListedInSceneOutliner:true IsMainWorldOnly:false
 |   |   |- Guid:39EF8BCE4A8293A9F46DC2B93C65A982 NativeClass:/Script/Engine.StaticMeshActor Name:StaticMeshActor_UAID_D45D64044938EB5D02_1093238072 Label:1Mx1M8 SpatiallyLoaded:true EditorBounds:IsValid=true, Min=(X=10.000 Y=420.000 Z=0.000), Max=(X=110.000 Y=520.000 Z=100.000) RuntimeBounds:IsValid=true, Min=(X=10.000 Y=420.000 Z=0.000), Max=(X=110.000 Y=520.000 Z=100.000) RuntimeGrid:None EditorOnly:false RuntimeOnly:false HLODRelevant:true ListedInSceneOutliner:true IsMainWorldOnly:false
 |   |   |- Guid:49DED08E4BE055D6E1D912800867944F NativeClass:/Script/Engine.StaticMeshActor Name:StaticMeshActor_UAID_D45D64044938EA5D02_2086985889 Label:1Mx1M SpatiallyLoaded:true EditorBounds:IsValid=true, Min=(X=610.000 Y=420.000 Z=0.000), Max=(X=710.000 Y=520.000 Z=100.000) RuntimeBounds:IsValid=true, Min=(X=610.000 Y=420.000 Z=0.000), Max=(X=710.000 Y=520.000 Z=100.000) RuntimeGrid:None EditorOnly:false RuntimeOnly:false HLODRelevant:true ListedInSceneOutliner:true IsMainWorldOnly:false
 |   |   |- Guid:4A4A1FD54F31AE51A5820EBA1C291D2F NativeClass:/Script/Engine.StaticMeshActor Name:StaticMeshActor_UAID_D45D64044938EB5D02_1103769077 Label:1Mx1M13 SpatiallyLoaded:true EditorBounds:IsValid=true, Min=(X=2010.000 Y=420.000 Z=0.000), Max=(X=2110.000 Y=520.000 Z=100.000) RuntimeBounds:IsValid=true, Min=(X=2010.000 Y=420.000 Z=0.000), Max=(X=2110.000 Y=520.000 Z=100.000) RuntimeGrid:None EditorOnly:false RuntimeOnly:false HLODRelevant:true ListedInSceneOutliner:true IsMainWorldOnly:false
 |   |   |- Guid:4FA1A4B1F6413AD290AE48AD8B5C63F4 NativeClass:/Script/Engine.PlayerStart Name:PlayerStart_0 Label:PlayerStart SpatiallyLoaded:false EditorBounds:IsValid=true, Min=(X=-1038.000 Y=982.000 Z=74.013), Max=(X=-670.000 Y=1238.000 Z=330.013) RuntimeBounds:IsValid=true, Min=(X=-950.000 Y=1070.000 Z=110.013), Max=(X=-870.000 Y=1150.000 Z=294.013) RuntimeGrid:None EditorOnly:false RuntimeOnly:false HLODRelevant:false ListedInSceneOutliner:true IsMainWorldOnly:false FolderPath:LevelBasics FolderGuid:376DFF3E485EC481EAB1BCBC4512903A
 |   |   |- Guid:6150052DBC0430268E8C2C61EE34DB19 NativeClass:/Script/Engine.PostProcessVolume Name:PostProcessVolume_0 Label:PostProcessVolume SpatiallyLoaded:false EditorBounds:IsValid=true, Min=(X=0.000 Y=0.000 Z=400.000), Max=(X=200.000 Y=200.000 Z=600.000) RuntimeBounds:IsValid=true, Min=(X=0.000 Y=0.000 Z=400.000), Max=(X=200.000 Y=200.000 Z=600.000) RuntimeGrid:None EditorOnly:false RuntimeOnly:false HLODRelevant:false ListedInSceneOutliner:true IsMainWorldOnly:false FolderPath:Lighting FolderGuid:08A10B054C95868C663DE39EE4343813
 |   |   |- Guid:6C00EDCD42A25E379A430EB7EEDFD010 NativeClass:/Script/Engine.StaticMeshActor Name:StaticMeshActor_UAID_D45D64044938EB5D02_1103766075 Label:1Mx1M11 SpatiallyLoaded:true EditorBounds:IsValid=true, Min=(X=1610.000 Y=420.000 Z=0.000), Max=(X=1710.000 Y=520.000 Z=100.000) RuntimeBounds:IsValid=true, Min=(X=1610.000 Y=420.000 Z=0.000), Max=(X=1710.000 Y=520.000 Z=100.000) RuntimeGrid:None EditorOnly:false RuntimeOnly:false HLODRelevant:true ListedInSceneOutliner:true IsMainWorldOnly:false
 |   |   |- Guid:761E75B4521F39E3BBB5FF2EB33A3857 NativeClass:/Script/Engine.WorldDataLayers Name:WorldDataLayers Label:WorldDataLayers-1 SpatiallyLoaded:false EditorBounds:IsValid=false, Min=(X=0.000 Y=0.000 Z=0.000), Max=(X=0.000 Y=0.000 Z=0.000) RuntimeBounds:IsValid=false, Min=(X=0.000 Y=0.000 Z=0.000), Max=(X=0.000 Y=0.000 Z=0.000) RuntimeGrid:None EditorOnly:false RuntimeOnly:false HLODRelevant:false ListedInSceneOutliner:true IsMainWorldOnly:true FolderPath:LevelBasics FolderGuid:376DFF3E485EC481EAB1BCBC4512903A
 |   |   |- Guid:7C3B20814EAAC9F80966A0823178AD3E NativeClass:/Script/Engine.StaticMeshActor Name:StaticMeshActor_UAID_D45D64044938EB5D02_1093236070 Label:1Mx1M6 SpatiallyLoaded:true EditorBounds:IsValid=true, Min=(X=-390.000 Y=420.000 Z=0.000), Max=(X=-290.000 Y=520.000 Z=100.000) RuntimeBounds:IsValid=true, Min=(X=-390.000 Y=420.000 Z=0.000), Max=(X=-290.000 Y=520.000 Z=100.000) RuntimeGrid:None EditorOnly:false RuntimeOnly:false HLODRelevant:true ListedInSceneOutliner:true IsMainWorldOnly:false
 |   |   |- Guid:845A6FA25F1E3C0C8305DE1D9877DE73 NativeClass:/Script/Engine.SkyAtmosphere Name:SkyAtmosphere_1 Label:SkyAtmosphere SpatiallyLoaded:false EditorBounds:IsValid=true, Min=(X=-198.000 Y=-18.000 Z=892.000), Max=(X=170.000 Y=238.000 Z=1148.000) RuntimeBounds:IsValid=true, Min=(X=-70.000 Y=110.000 Z=1020.000), Max=(X=-70.000 Y=110.000 Z=1020.000) RuntimeGrid:None EditorOnly:false RuntimeOnly:false HLODRelevant:false ListedInSceneOutliner:true IsMainWorldOnly:false FolderPath:Lighting FolderGuid:08A10B054C95868C663DE39EE4343813
 |   |   |- Guid:86BF97754659958B661BE7B62D824402 NativeClass:/Script/Engine.StaticMeshActor Name:StaticMeshActor_UAID_D45D64044938EB5D02_1080928068 Label:1Mx1M4 SpatiallyLoaded:true EditorBounds:IsValid=true, Min=(X=1210.000 Y=420.000 Z=0.000), Max=(X=1310.000 Y=520.000 Z=100.000) RuntimeBounds:IsValid=true, Min=(X=1210.000 Y=420.000 Z=0.000), Max=(X=1310.000 Y=520.000 Z=100.000) RuntimeGrid:None EditorOnly:false RuntimeOnly:false HLODRelevant:true ListedInSceneOutliner:true IsMainWorldOnly:false
 |   |   |- Guid:88AB0A9C4D7DCECB22EF56965A77B84E NativeClass:/Script/Engine.StaticMeshActor Name:StaticMeshActor_UAID_D45D64044938EB5D02_1084485069 Label:1Mx1M5 SpatiallyLoaded:true EditorBounds:IsValid=true, Min=(X=1410.000 Y=420.000 Z=0.000), Max=(X=1510.000 Y=520.000 Z=100.000) RuntimeBounds:IsValid=true, Min=(X=1410.000 Y=420.000 Z=0.000), Max=(X=1510.000 Y=520.000 Z=100.000) RuntimeGrid:None EditorOnly:false RuntimeOnly:false HLODRelevant:true ListedInSceneOutliner:true IsMainWorldOnly:false
 |   |   |- Guid:8A233BAA476B31B991B61BEFE95FF724 NativeClass:/Script/Engine.StaticMeshActor Name:StaticMeshActor_33 Label:SM_Ground SpatiallyLoaded:true EditorBounds:IsValid=true, Min=(X=-3590.000 Y=-2880.000 Z=-50.000), Max=(X=19315.029 Y=13220.000 Z=0.000) RuntimeBounds:IsValid=true, Min=(X=-3590.000 Y=-2880.000 Z=-50.000), Max=(X=19315.029 Y=13220.000 Z=0.000) RuntimeGrid:None EditorOnly:false RuntimeOnly:false HLODRelevant:true ListedInSceneOutliner:true IsMainWorldOnly:false FolderPath:Playground FolderGuid:8CD33C9A4E75AD59B95486AC740693D6
 |   |   |- Guid:8AB893B63EA931239538379D9FAD36D1 NativeClass:/Script/Engine.DirectionalLight Name:DirectionalLight_1 Label:DirectionalLight SpatiallyLoaded:false EditorBounds:IsValid=false, Min=(X=0.000 Y=0.000 Z=0.000), Max=(X=0.000 Y=0.000 Z=0.000) RuntimeBounds:IsValid=false, Min=(X=0.000 Y=0.000 Z=0.000), Max=(X=0.000 Y=0.000 Z=0.000) RuntimeGrid:None EditorOnly:false RuntimeOnly:false HLODRelevant:false ListedInSceneOutliner:true IsMainWorldOnly:false FolderPath:Lighting FolderGuid:08A10B054C95868C663DE39EE4343813
 |   |   |- Guid:A10F618C477D322E4C1ABDBA6B8A73FF NativeClass:/Script/Engine.StaticMeshActor Name:StaticMeshActor_UAID_D45D64044938EB5D02_1079228067 Label:1Mx1M3 SpatiallyLoaded:true EditorBounds:IsValid=true, Min=(X=1010.000 Y=420.000 Z=0.000), Max=(X=1110.000 Y=520.000 Z=100.000) RuntimeBounds:IsValid=true, Min=(X=1010.000 Y=420.000 Z=0.000), Max=(X=1110.000 Y=520.000 Z=100.000) RuntimeGrid:None EditorOnly:false RuntimeOnly:false HLODRelevant:true ListedInSceneOutliner:true IsMainWorldOnly:false
 |   |   |- Guid:ACF05DEB479F1FB655168484C4E9701E NativeClass:/Script/Engine.StaticMeshActor Name:StaticMeshActor_UAID_D45D64044938EB5D02_1093240073 Label:1Mx1M9 SpatiallyLoaded:true EditorBounds:IsValid=true, Min=(X=210.000 Y=420.000 Z=0.000), Max=(X=310.000 Y=520.000 Z=100.000) RuntimeBounds:IsValid=true, Min=(X=210.000 Y=420.000 Z=0.000), Max=(X=310.000 Y=520.000 Z=100.000) RuntimeGrid:None EditorOnly:false RuntimeOnly:false HLODRelevant:true ListedInSceneOutliner:true IsMainWorldOnly:false
 |   |   |- Guid:B09F27277C3B333C9F0FDE68C55B1B90 NativeClass:/Script/Engine.StaticMeshActor Name:StaticMeshActor_UAID_A4AE111137DC5EFB00_1594956423 Label:SM_SkySphere SpatiallyLoaded:false EditorBounds:IsValid=true, Min=(X=-1638400.000 Y=-1638400.000 Z=-1638400.000), Max=(X=1638400.000 Y=1638400.000 Z=1638400.000) RuntimeBounds:IsValid=true, Min=(X=-1638400.000 Y=-1638400.000 Z=-1638400.000), Max=(X=1638400.000 Y=1638400.000 Z=1638400.000) RuntimeGrid:None EditorOnly:false RuntimeOnly:false HLODRelevant:false ListedInSceneOutliner:true IsMainWorldOnly:false FolderPath:Lighting FolderGuid:08A10B054C95868C663DE39EE4343813
 |   |   |- Guid:BCE8BE2C44CFC309F8C1E98DF40852C1 NativeClass:/Script/Engine.StaticMeshActor Name:StaticMeshActor_UAID_D45D64044938EB5D02_1103772079 Label:1Mx1M15 SpatiallyLoaded:true EditorBounds:IsValid=true, Min=(X=2410.000 Y=420.000 Z=0.000), Max=(X=2510.000 Y=520.000 Z=100.000) RuntimeBounds:IsValid=true, Min=(X=2410.000 Y=420.000 Z=0.000), Max=(X=2510.000 Y=520.000 Z=100.000) RuntimeGrid:None EditorOnly:false RuntimeOnly:false HLODRelevant:true ListedInSceneOutliner:true IsMainWorldOnly:false
 |   |   |- Guid:D69B677B4483F5D9BCD13BA1FD12F131 NativeClass:/Script/Engine.StaticMeshActor Name:StaticMeshActor_UAID_D45D64044938EB5D02_1077535066 Label:1Mx1M2 SpatiallyLoaded:true EditorBounds:IsValid=true, Min=(X=810.000 Y=420.000 Z=0.000), Max=(X=910.000 Y=520.000 Z=100.000) RuntimeBounds:IsValid=true, Min=(X=810.000 Y=420.000 Z=0.000), Max=(X=910.000 Y=520.000 Z=100.000) RuntimeGrid:None EditorOnly:false RuntimeOnly:false HLODRelevant:true ListedInSceneOutliner:true IsMainWorldOnly:false
 |   |   |- Guid:DB89FBB94343B3B6DA2B3F9098AE48C5 NativeClass:/Script/Engine.StaticMeshActor Name:StaticMeshActor_UAID_D45D64044938EB5D02_1093238071 Label:1Mx1M7 SpatiallyLoaded:true EditorBounds:IsValid=true, Min=(X=-190.000 Y=420.000 Z=0.000), Max=(X=-90.000 Y=520.000 Z=100.000) RuntimeBounds:IsValid=true, Min=(X=-190.000 Y=420.000 Z=0.000), Max=(X=-90.000 Y=520.000 Z=100.000) RuntimeGrid:None EditorOnly:false RuntimeOnly:false HLODRelevant:true ListedInSceneOutliner:true IsMainWorldOnly:false
 |   |   |- Guid:DFF55D39403872C432479199CD5F5597 NativeClass:/Script/Engine.StaticMeshActor Name:StaticMeshActor_UAID_D45D64044938EB5D02_1103768076 Label:1Mx1M12 SpatiallyLoaded:true EditorBounds:IsValid=true, Min=(X=1810.000 Y=420.000 Z=0.000), Max=(X=1910.000 Y=520.000 Z=100.000) RuntimeBounds:IsValid=true, Min=(X=1810.000 Y=420.000 Z=0.000), Max=(X=1910.000 Y=520.000 Z=100.000) RuntimeGrid:None EditorOnly:false RuntimeOnly:false HLODRelevant:true ListedInSceneOutliner:true IsMainWorldOnly:false
 |   |   |- Guid:EA83015554953327A4A5FAADE7093E36 NativeClass:/Script/Engine.VolumetricCloud Name:VolumetricCloud_1 Label:VolumetricCloud SpatiallyLoaded:false EditorBounds:IsValid=true, Min=(X=-128.000 Y=-128.000 Z=692.000), Max=(X=128.000 Y=128.000 Z=948.000) RuntimeBounds:IsValid=true, Min=(X=0.000 Y=0.000 Z=820.000), Max=(X=0.000 Y=0.000 Z=820.000) RuntimeGrid:None EditorOnly:false RuntimeOnly:false HLODRelevant:false ListedInSceneOutliner:true IsMainWorldOnly:false FolderPath:Lighting FolderGuid:08A10B054C95868C663DE39EE4343813
 |   |   |- Guid:FBF3E28EA0FD3D19844EE329ADA7F4DB NativeClass:/Script/Engine.ExponentialHeightFog Name:ExponentialHeightFog_1 Label:ExponentialHeightFog SpatiallyLoaded:false EditorBounds:IsValid=true, Min=(X=-5728.000 Y=-178.000 Z=-6978.000), Max=(X=-5472.000 Y=78.000 Z=-6722.000) RuntimeBounds:IsValid=true, Min=(X=-5600.000 Y=-50.000 Z=-6850.000), Max=(X=-5600.000 Y=-50.000 Z=-6850.000) RuntimeGrid:None EditorOnly:false RuntimeOnly:false HLODRelevant:false ListedInSceneOutliner:true IsMainWorldOnly:false FolderPath:Lighting FolderGuid:08A10B054C95868C663DE39EE4343813
 |   |   |- Guid:FF90C55D498A939B765908A28A20BE1A NativeClass:/Script/Engine.StaticMeshActor Name:StaticMeshActor_UAID_D45D64044938EA5D02_1614875887 Label:Cube SpatiallyLoaded:true EditorBounds:IsValid=true, Min=(X=150.000 Y=1130.000 Z=0.063), Max=(X=250.000 Y=1230.000 Z=100.063) RuntimeBounds:IsValid=true, Min=(X=150.000 Y=1130.000 Z=0.063), Max=(X=250.000 Y=1230.000 Z=100.063) RuntimeGrid:None EditorOnly:false RuntimeOnly:false HLODRelevant:true ListedInSceneOutliner:true IsMainWorldOnly:false
 |   |- [+] Clusters:
 |   |   |- [+] [  0]
 |   |   |   |- Guid:08F232D31D7131FFBBC86C2712C9335A NativeClass:/Script/Engine.SkyLight Name:SkyLight_0 Label:SkyLight SpatiallyLoaded:false EditorBounds:IsValid=true, Min=(X=-1.000 Y=-1.000 Z=-1.000), Max=(X=1.000 Y=1.000 Z=690.000) RuntimeBounds:IsValid=true, Min=(X=0.000 Y=0.000 Z=690.000), Max=(X=0.000 Y=0.000 Z=690.000) RuntimeGrid:None EditorOnly:false RuntimeOnly:false HLODRelevant:false ListedInSceneOutliner:true IsMainWorldOnly:false FolderPath:Lighting FolderGuid:08A10B054C95868C663DE39EE4343813
 |   |   |- [+] [  1]
 |   |   |   |- Guid:15DD8BD94BE83EDD320376896CE41FFE NativeClass:/Script/Engine.StaticMeshActor Name:StaticMeshActor_UAID_D45D64044938EB5D02_1103771078 Label:1Mx1M14 SpatiallyLoaded:true EditorBounds:IsValid=true, Min=(X=2210.000 Y=420.000 Z=0.000), Max=(X=2310.000 Y=520.000 Z=100.000) RuntimeBounds:IsValid=true, Min=(X=2210.000 Y=420.000 Z=0.000), Max=(X=2310.000 Y=520.000 Z=100.000) RuntimeGrid:None EditorOnly:false RuntimeOnly:false HLODRelevant:true ListedInSceneOutliner:true IsMainWorldOnly:false
 |   |   |- [+] [  2]
 |   |   |   |- Guid:1DDD6A042130309F8F56B19BEF3F6D09 NativeClass:/Script/Engine.TextRenderActor Name:TextRenderActor_1 Label:SceneText1 SpatiallyLoaded:true EditorBounds:IsValid=true, Min=(X=-128.100 Y=972.000 Z=12.013), Max=(X=127.900 Y=2248.077 Z=268.013) RuntimeBounds:IsValid=true, Min=(X=-0.100 Y=1100.000 Z=65.013), Max=(X=-0.100 Y=2248.077 Z=215.013) RuntimeGrid:None EditorOnly:false RuntimeOnly:false HLODRelevant:false ListedInSceneOutliner:true IsMainWorldOnly:false FolderPath:LevelBasics FolderGuid:376DFF3E485EC481EAB1BCBC4512903A
 |   |   |- [+] [  3]
 |   |   |   |- Guid:1F1CF9F3444F730561E21C8592271A08 NativeClass:/Script/Engine.StaticMeshActor Name:StaticMeshActor_UAID_D45D64044938EB5D02_1093241074 Label:1Mx1M10 SpatiallyLoaded:true EditorBounds:IsValid=true, Min=(X=410.000 Y=420.000 Z=0.000), Max=(X=510.000 Y=520.000 Z=100.000) RuntimeBounds:IsValid=true, Min=(X=410.000 Y=420.000 Z=0.000), Max=(X=510.000 Y=520.000 Z=100.000) RuntimeGrid:None EditorOnly:false RuntimeOnly:false HLODRelevant:true ListedInSceneOutliner:true IsMainWorldOnly:false
 |   |   |- [+] [  4]
 |   |   |   |- Guid:39EF8BCE4A8293A9F46DC2B93C65A982 NativeClass:/Script/Engine.StaticMeshActor Name:StaticMeshActor_UAID_D45D64044938EB5D02_1093238072 Label:1Mx1M8 SpatiallyLoaded:true EditorBounds:IsValid=true, Min=(X=10.000 Y=420.000 Z=0.000), Max=(X=110.000 Y=520.000 Z=100.000) RuntimeBounds:IsValid=true, Min=(X=10.000 Y=420.000 Z=0.000), Max=(X=110.000 Y=520.000 Z=100.000) RuntimeGrid:None EditorOnly:false RuntimeOnly:false HLODRelevant:true ListedInSceneOutliner:true IsMainWorldOnly:false
 |   |   |- [+] [  5]
 |   |   |   |- Guid:49DED08E4BE055D6E1D912800867944F NativeClass:/Script/Engine.StaticMeshActor Name:StaticMeshActor_UAID_D45D64044938EA5D02_2086985889 Label:1Mx1M SpatiallyLoaded:true EditorBounds:IsValid=true, Min=(X=610.000 Y=420.000 Z=0.000), Max=(X=710.000 Y=520.000 Z=100.000) RuntimeBounds:IsValid=true, Min=(X=610.000 Y=420.000 Z=0.000), Max=(X=710.000 Y=520.000 Z=100.000) RuntimeGrid:None EditorOnly:false RuntimeOnly:false HLODRelevant:true ListedInSceneOutliner:true IsMainWorldOnly:false
 |   |   |- [+] [  6]
 |   |   |   |- Guid:4A4A1FD54F31AE51A5820EBA1C291D2F NativeClass:/Script/Engine.StaticMeshActor Name:StaticMeshActor_UAID_D45D64044938EB5D02_1103769077 Label:1Mx1M13 SpatiallyLoaded:true EditorBounds:IsValid=true, Min=(X=2010.000 Y=420.000 Z=0.000), Max=(X=2110.000 Y=520.000 Z=100.000) RuntimeBounds:IsValid=true, Min=(X=2010.000 Y=420.000 Z=0.000), Max=(X=2110.000 Y=520.000 Z=100.000) RuntimeGrid:None EditorOnly:false RuntimeOnly:false HLODRelevant:true ListedInSceneOutliner:true IsMainWorldOnly:false
 |   |   |- [+] [  7]
 |   |   |   |- Guid:4FA1A4B1F6413AD290AE48AD8B5C63F4 NativeClass:/Script/Engine.PlayerStart Name:PlayerStart_0 Label:PlayerStart SpatiallyLoaded:false EditorBounds:IsValid=true, Min=(X=-1038.000 Y=982.000 Z=74.013), Max=(X=-670.000 Y=1238.000 Z=330.013) RuntimeBounds:IsValid=true, Min=(X=-950.000 Y=1070.000 Z=110.013), Max=(X=-870.000 Y=1150.000 Z=294.013) RuntimeGrid:None EditorOnly:false RuntimeOnly:false HLODRelevant:false ListedInSceneOutliner:true IsMainWorldOnly:false FolderPath:LevelBasics FolderGuid:376DFF3E485EC481EAB1BCBC4512903A
 |   |   |- [+] [  8]
 |   |   |   |- Guid:6150052DBC0430268E8C2C61EE34DB19 NativeClass:/Script/Engine.PostProcessVolume Name:PostProcessVolume_0 Label:PostProcessVolume SpatiallyLoaded:false EditorBounds:IsValid=true, Min=(X=0.000 Y=0.000 Z=400.000), Max=(X=200.000 Y=200.000 Z=600.000) RuntimeBounds:IsValid=true, Min=(X=0.000 Y=0.000 Z=400.000), Max=(X=200.000 Y=200.000 Z=600.000) RuntimeGrid:None EditorOnly:false RuntimeOnly:false HLODRelevant:false ListedInSceneOutliner:true IsMainWorldOnly:false FolderPath:Lighting FolderGuid:08A10B054C95868C663DE39EE4343813
 |   |   |- [+] [  9]
 |   |   |   |- Guid:6C00EDCD42A25E379A430EB7EEDFD010 NativeClass:/Script/Engine.StaticMeshActor Name:StaticMeshActor_UAID_D45D64044938EB5D02_1103766075 Label:1Mx1M11 SpatiallyLoaded:true EditorBounds:IsValid=true, Min=(X=1610.000 Y=420.000 Z=0.000), Max=(X=1710.000 Y=520.000 Z=100.000) RuntimeBounds:IsValid=true, Min=(X=1610.000 Y=420.000 Z=0.000), Max=(X=1710.000 Y=520.000 Z=100.000) RuntimeGrid:None EditorOnly:false RuntimeOnly:false HLODRelevant:true ListedInSceneOutliner:true IsMainWorldOnly:false
 |   |   |- [+] [ 10]
 |   |   |   |- Guid:761E75B4521F39E3BBB5FF2EB33A3857 NativeClass:/Script/Engine.WorldDataLayers Name:WorldDataLayers Label:WorldDataLayers-1 SpatiallyLoaded:false EditorBounds:IsValid=false, Min=(X=0.000 Y=0.000 Z=0.000), Max=(X=0.000 Y=0.000 Z=0.000) RuntimeBounds:IsValid=false, Min=(X=0.000 Y=0.000 Z=0.000), Max=(X=0.000 Y=0.000 Z=0.000) RuntimeGrid:None EditorOnly:false RuntimeOnly:false HLODRelevant:false ListedInSceneOutliner:true IsMainWorldOnly:true FolderPath:LevelBasics FolderGuid:376DFF3E485EC481EAB1BCBC4512903A
 |   |   |- [+] [ 11]
 |   |   |   |- Guid:7C3B20814EAAC9F80966A0823178AD3E NativeClass:/Script/Engine.StaticMeshActor Name:StaticMeshActor_UAID_D45D64044938EB5D02_1093236070 Label:1Mx1M6 SpatiallyLoaded:true EditorBounds:IsValid=true, Min=(X=-390.000 Y=420.000 Z=0.000), Max=(X=-290.000 Y=520.000 Z=100.000) RuntimeBounds:IsValid=true, Min=(X=-390.000 Y=420.000 Z=0.000), Max=(X=-290.000 Y=520.000 Z=100.000) RuntimeGrid:None EditorOnly:false RuntimeOnly:false HLODRelevant:true ListedInSceneOutliner:true IsMainWorldOnly:false
 |   |   |- [+] [ 12]
 |   |   |   |- Guid:845A6FA25F1E3C0C8305DE1D9877DE73 NativeClass:/Script/Engine.SkyAtmosphere Name:SkyAtmosphere_1 Label:SkyAtmosphere SpatiallyLoaded:false EditorBounds:IsValid=true, Min=(X=-198.000 Y=-18.000 Z=892.000), Max=(X=170.000 Y=238.000 Z=1148.000) RuntimeBounds:IsValid=true, Min=(X=-70.000 Y=110.000 Z=1020.000), Max=(X=-70.000 Y=110.000 Z=1020.000) RuntimeGrid:None EditorOnly:false RuntimeOnly:false HLODRelevant:false ListedInSceneOutliner:true IsMainWorldOnly:false FolderPath:Lighting FolderGuid:08A10B054C95868C663DE39EE4343813
 |   |   |- [+] [ 13]
 |   |   |   |- Guid:86BF97754659958B661BE7B62D824402 NativeClass:/Script/Engine.StaticMeshActor Name:StaticMeshActor_UAID_D45D64044938EB5D02_1080928068 Label:1Mx1M4 SpatiallyLoaded:true EditorBounds:IsValid=true, Min=(X=1210.000 Y=420.000 Z=0.000), Max=(X=1310.000 Y=520.000 Z=100.000) RuntimeBounds:IsValid=true, Min=(X=1210.000 Y=420.000 Z=0.000), Max=(X=1310.000 Y=520.000 Z=100.000) RuntimeGrid:None EditorOnly:false RuntimeOnly:false HLODRelevant:true ListedInSceneOutliner:true IsMainWorldOnly:false
 |   |   |- [+] [ 14]
 |   |   |   |- Guid:88AB0A9C4D7DCECB22EF56965A77B84E NativeClass:/Script/Engine.StaticMeshActor Name:StaticMeshActor_UAID_D45D64044938EB5D02_1084485069 Label:1Mx1M5 SpatiallyLoaded:true EditorBounds:IsValid=true, Min=(X=1410.000 Y=420.000 Z=0.000), Max=(X=1510.000 Y=520.000 Z=100.000) RuntimeBounds:IsValid=true, Min=(X=1410.000 Y=420.000 Z=0.000), Max=(X=1510.000 Y=520.000 Z=100.000) RuntimeGrid:None EditorOnly:false RuntimeOnly:false HLODRelevant:true ListedInSceneOutliner:true IsMainWorldOnly:false
 |   |   |- [+] [ 15]
 |   |   |   |- Guid:8A233BAA476B31B991B61BEFE95FF724 NativeClass:/Script/Engine.StaticMeshActor Name:StaticMeshActor_33 Label:SM_Ground SpatiallyLoaded:true EditorBounds:IsValid=true, Min=(X=-3590.000 Y=-2880.000 Z=-50.000), Max=(X=19315.029 Y=13220.000 Z=0.000) RuntimeBounds:IsValid=true, Min=(X=-3590.000 Y=-2880.000 Z=-50.000), Max=(X=19315.029 Y=13220.000 Z=0.000) RuntimeGrid:None EditorOnly:false RuntimeOnly:false HLODRelevant:true ListedInSceneOutliner:true IsMainWorldOnly:false FolderPath:Playground FolderGuid:8CD33C9A4E75AD59B95486AC740693D6
 |   |   |- [+] [ 16]
 |   |   |   |- Guid:8AB893B63EA931239538379D9FAD36D1 NativeClass:/Script/Engine.DirectionalLight Name:DirectionalLight_1 Label:DirectionalLight SpatiallyLoaded:false EditorBounds:IsValid=false, Min=(X=0.000 Y=0.000 Z=0.000), Max=(X=0.000 Y=0.000 Z=0.000) RuntimeBounds:IsValid=false, Min=(X=0.000 Y=0.000 Z=0.000), Max=(X=0.000 Y=0.000 Z=0.000) RuntimeGrid:None EditorOnly:false RuntimeOnly:false HLODRelevant:false ListedInSceneOutliner:true IsMainWorldOnly:false FolderPath:Lighting FolderGuid:08A10B054C95868C663DE39EE4343813
 |   |   |- [+] [ 17]
 |   |   |   |- Guid:A10F618C477D322E4C1ABDBA6B8A73FF NativeClass:/Script/Engine.StaticMeshActor Name:StaticMeshActor_UAID_D45D64044938EB5D02_1079228067 Label:1Mx1M3 SpatiallyLoaded:true EditorBounds:IsValid=true, Min=(X=1010.000 Y=420.000 Z=0.000), Max=(X=1110.000 Y=520.000 Z=100.000) RuntimeBounds:IsValid=true, Min=(X=1010.000 Y=420.000 Z=0.000), Max=(X=1110.000 Y=520.000 Z=100.000) RuntimeGrid:None EditorOnly:false RuntimeOnly:false HLODRelevant:true ListedInSceneOutliner:true IsMainWorldOnly:false
 |   |   |- [+] [ 18]
 |   |   |   |- Guid:ACF05DEB479F1FB655168484C4E9701E NativeClass:/Script/Engine.StaticMeshActor Name:StaticMeshActor_UAID_D45D64044938EB5D02_1093240073 Label:1Mx1M9 SpatiallyLoaded:true EditorBounds:IsValid=true, Min=(X=210.000 Y=420.000 Z=0.000), Max=(X=310.000 Y=520.000 Z=100.000) RuntimeBounds:IsValid=true, Min=(X=210.000 Y=420.000 Z=0.000), Max=(X=310.000 Y=520.000 Z=100.000) RuntimeGrid:None EditorOnly:false RuntimeOnly:false HLODRelevant:true ListedInSceneOutliner:true IsMainWorldOnly:false
 |   |   |- [+] [ 19]
 |   |   |   |- Guid:B09F27277C3B333C9F0FDE68C55B1B90 NativeClass:/Script/Engine.StaticMeshActor Name:StaticMeshActor_UAID_A4AE111137DC5EFB00_1594956423 Label:SM_SkySphere SpatiallyLoaded:false EditorBounds:IsValid=true, Min=(X=-1638400.000 Y=-1638400.000 Z=-1638400.000), Max=(X=1638400.000 Y=1638400.000 Z=1638400.000) RuntimeBounds:IsValid=true, Min=(X=-1638400.000 Y=-1638400.000 Z=-1638400.000), Max=(X=1638400.000 Y=1638400.000 Z=1638400.000) RuntimeGrid:None EditorOnly:false RuntimeOnly:false HLODRelevant:false ListedInSceneOutliner:true IsMainWorldOnly:false FolderPath:Lighting FolderGuid:08A10B054C95868C663DE39EE4343813
 |   |   |- [+] [ 20]
 |   |   |   |- Guid:BCE8BE2C44CFC309F8C1E98DF40852C1 NativeClass:/Script/Engine.StaticMeshActor Name:StaticMeshActor_UAID_D45D64044938EB5D02_1103772079 Label:1Mx1M15 SpatiallyLoaded:true EditorBounds:IsValid=true, Min=(X=2410.000 Y=420.000 Z=0.000), Max=(X=2510.000 Y=520.000 Z=100.000) RuntimeBounds:IsValid=true, Min=(X=2410.000 Y=420.000 Z=0.000), Max=(X=2510.000 Y=520.000 Z=100.000) RuntimeGrid:None EditorOnly:false RuntimeOnly:false HLODRelevant:true ListedInSceneOutliner:true IsMainWorldOnly:false
 |   |   |- [+] [ 21]
 |   |   |   |- Guid:D69B677B4483F5D9BCD13BA1FD12F131 NativeClass:/Script/Engine.StaticMeshActor Name:StaticMeshActor_UAID_D45D64044938EB5D02_1077535066 Label:1Mx1M2 SpatiallyLoaded:true EditorBounds:IsValid=true, Min=(X=810.000 Y=420.000 Z=0.000), Max=(X=910.000 Y=520.000 Z=100.000) RuntimeBounds:IsValid=true, Min=(X=810.000 Y=420.000 Z=0.000), Max=(X=910.000 Y=520.000 Z=100.000) RuntimeGrid:None EditorOnly:false RuntimeOnly:false HLODRelevant:true ListedInSceneOutliner:true IsMainWorldOnly:false
 |   |   |- [+] [ 22]
 |   |   |   |- Guid:DB89FBB94343B3B6DA2B3F9098AE48C5 NativeClass:/Script/Engine.StaticMeshActor Name:StaticMeshActor_UAID_D45D64044938EB5D02_1093238071 Label:1Mx1M7 SpatiallyLoaded:true EditorBounds:IsValid=true, Min=(X=-190.000 Y=420.000 Z=0.000), Max=(X=-90.000 Y=520.000 Z=100.000) RuntimeBounds:IsValid=true, Min=(X=-190.000 Y=420.000 Z=0.000), Max=(X=-90.000 Y=520.000 Z=100.000) RuntimeGrid:None EditorOnly:false RuntimeOnly:false HLODRelevant:true ListedInSceneOutliner:true IsMainWorldOnly:false
 |   |   |- [+] [ 23]
 |   |   |   |- Guid:DFF55D39403872C432479199CD5F5597 NativeClass:/Script/Engine.StaticMeshActor Name:StaticMeshActor_UAID_D45D64044938EB5D02_1103768076 Label:1Mx1M12 SpatiallyLoaded:true EditorBounds:IsValid=true, Min=(X=1810.000 Y=420.000 Z=0.000), Max=(X=1910.000 Y=520.000 Z=100.000) RuntimeBounds:IsValid=true, Min=(X=1810.000 Y=420.000 Z=0.000), Max=(X=1910.000 Y=520.000 Z=100.000) RuntimeGrid:None EditorOnly:false RuntimeOnly:false HLODRelevant:true ListedInSceneOutliner:true IsMainWorldOnly:false
 |   |   |- [+] [ 24]
 |   |   |   |- Guid:EA83015554953327A4A5FAADE7093E36 NativeClass:/Script/Engine.VolumetricCloud Name:VolumetricCloud_1 Label:VolumetricCloud SpatiallyLoaded:false EditorBounds:IsValid=true, Min=(X=-128.000 Y=-128.000 Z=692.000), Max=(X=128.000 Y=128.000 Z=948.000) RuntimeBounds:IsValid=true, Min=(X=0.000 Y=0.000 Z=820.000), Max=(X=0.000 Y=0.000 Z=820.000) RuntimeGrid:None EditorOnly:false RuntimeOnly:false HLODRelevant:false ListedInSceneOutliner:true IsMainWorldOnly:false FolderPath:Lighting FolderGuid:08A10B054C95868C663DE39EE4343813
 |   |   |- [+] [ 25]
 |   |   |   |- Guid:FBF3E28EA0FD3D19844EE329ADA7F4DB NativeClass:/Script/Engine.ExponentialHeightFog Name:ExponentialHeightFog_1 Label:ExponentialHeightFog SpatiallyLoaded:false EditorBounds:IsValid=true, Min=(X=-5728.000 Y=-178.000 Z=-6978.000), Max=(X=-5472.000 Y=78.000 Z=-6722.000) RuntimeBounds:IsValid=true, Min=(X=-5600.000 Y=-50.000 Z=-6850.000), Max=(X=-5600.000 Y=-50.000 Z=-6850.000) RuntimeGrid:None EditorOnly:false RuntimeOnly:false HLODRelevant:false ListedInSceneOutliner:true IsMainWorldOnly:false FolderPath:Lighting FolderGuid:08A10B054C95868C663DE39EE4343813
 |   |   |- [+] [ 26]
 |   |   |   |- Guid:FF90C55D498A939B765908A28A20BE1A NativeClass:/Script/Engine.StaticMeshActor Name:StaticMeshActor_UAID_D45D64044938EA5D02_1614875887 Label:Cube SpatiallyLoaded:true EditorBounds:IsValid=true, Min=(X=150.000 Y=1130.000 Z=0.063), Max=(X=250.000 Y=1230.000 Z=100.063) RuntimeBounds:IsValid=true, Min=(X=150.000 Y=1130.000 Z=0.063), Max=(X=250.000 Y=1230.000 Z=100.063) RuntimeGrid:None EditorOnly:false RuntimeOnly:false HLODRelevant:true ListedInSceneOutliner:true IsMainWorldOnly:false
 |- ContainerInstances:
 |- [+] MainContainer:
 |   |-        ID: 00000000000000000000000000000000
 |   |-  ParentID: 00000000000000000000000000000000
 |   |-    Bounds: IsValid=false, Min=(X=0.000 Y=0.000 Z=0.000), Max=(X=0.000 Y=0.000 Z=0.000)
 |   |- Transform: 0.000000,0.000000,0.000000|0.000000,0.000000,-0.000000|1.000000,1.000000,1.000000
 |   |- Container: /Game/ThirdPerson/Maps/PlayGround
----------------------------------------------------------------------------------------------------------------
PlayGround - Persistent Level
----------------------------------------------------------------------------------------------------------------
[+] Content of PlayGround Persistent Level
 |- Always loaded Actor Count: 27 
 |- Actor Path: /Game/ThirdPerson/Maps/PlayGround.PlayGround:PersistentLevel.DirectionalLight_1
 |- Actor Package: /Game/__ExternalActors__/ThirdPerson/Maps/PlayGround/6/YP/LW2DM84FQBZALRYPUR6HYT
 |- Actor Path: /Game/ThirdPerson/Maps/PlayGround.PlayGround:PersistentLevel.ExponentialHeightFog_1
 |- Actor Package: /Game/__ExternalActors__/ThirdPerson/Maps/PlayGround/3/3Z/PW2W8EYH5631EL7P7I2JWV
 |- Actor Path: /Game/ThirdPerson/Maps/PlayGround.PlayGround:PersistentLevel.PlayerStart_0
 |- Actor Package: /Game/__ExternalActors__/ThirdPerson/Maps/PlayGround/E/UQ/Y5T1OD1NH5KHJ37KEN1ZHX
 |- Actor Path: /Game/ThirdPerson/Maps/PlayGround.PlayGround:PersistentLevel.PostProcessVolume_0
 |- Actor Package: /Game/__ExternalActors__/ThirdPerson/Maps/PlayGround/1/XG/7KUM381FB46K8VMLJKGTNH
 |- Actor Path: /Game/ThirdPerson/Maps/PlayGround.PlayGround:PersistentLevel.SkyAtmosphere_1
 |- Actor Package: /Game/__ExternalActors__/ThirdPerson/Maps/PlayGround/1/8L/OWNAWRUH9FF26LNUDRT9NQ
 |- Actor Path: /Game/ThirdPerson/Maps/PlayGround.PlayGround:PersistentLevel.SkyLight_0
 |- Actor Package: /Game/__ExternalActors__/ThirdPerson/Maps/PlayGround/5/IB/2KSEZX7TSV93RB7167VGGK
 |- Actor Path: /Game/ThirdPerson/Maps/PlayGround.PlayGround:PersistentLevel.StaticMeshActor_33
 |- Actor Package: /Game/__ExternalActors__/ThirdPerson/Maps/PlayGround/6/Y0/0TPBWWVW7GYIUEF57TIC5M
 |- Actor Path: /Game/ThirdPerson/Maps/PlayGround.PlayGround:PersistentLevel.StaticMeshActor_UAID_A4AE111137DC5EFB00_1594956423
 |- Actor Package: /Game/__ExternalActors__/ThirdPerson/Maps/PlayGround/2/4O/DQ0UIPWX2PP3U1YNGD4IGT
 |- Actor Path: /Game/ThirdPerson/Maps/PlayGround.PlayGround:PersistentLevel.StaticMeshActor_UAID_D45D64044938EA5D02_1614875887
 |- Actor Package: /Game/__ExternalActors__/ThirdPerson/Maps/PlayGround/6/6Z/I8A5EK3OXIWIAJZ78OYPAW
 |- Actor Path: /Game/ThirdPerson/Maps/PlayGround.PlayGround:PersistentLevel.StaticMeshActor_UAID_D45D64044938EA5D02_2086985889
 |- Actor Package: /Game/__ExternalActors__/ThirdPerson/Maps/PlayGround/7/1G/17DJZ52AJGHBJZF6FSIDI4
 |- Actor Path: /Game/ThirdPerson/Maps/PlayGround.PlayGround:PersistentLevel.StaticMeshActor_UAID_D45D64044938EB5D02_1077535066
 |- Actor Package: /Game/__ExternalActors__/ThirdPerson/Maps/PlayGround/D/9L/ZGTSTZK0D8EYJHMFKFU8QK
 |- Actor Path: /Game/ThirdPerson/Maps/PlayGround.PlayGround:PersistentLevel.StaticMeshActor_UAID_D45D64044938EB5D02_1079228067
 |- Actor Package: /Game/__ExternalActors__/ThirdPerson/Maps/PlayGround/0/ZD/TGSELBDYCHZGYKAK0NFOLH
 |- Actor Path: /Game/ThirdPerson/Maps/PlayGround.PlayGround:PersistentLevel.StaticMeshActor_UAID_D45D64044938EB5D02_1080928068
 |- Actor Package: /Game/__ExternalActors__/ThirdPerson/Maps/PlayGround/A/MC/7UGSF7VJWLMO24W2E8ZCUV
 |- Actor Path: /Game/ThirdPerson/Maps/PlayGround.PlayGround:PersistentLevel.StaticMeshActor_UAID_D45D64044938EB5D02_1084485069
 |- Actor Package: /Game/__ExternalActors__/ThirdPerson/Maps/PlayGround/A/X4/CP1GGK10Z6GXM38SZB0RFE
 |- Actor Path: /Game/ThirdPerson/Maps/PlayGround.PlayGround:PersistentLevel.StaticMeshActor_UAID_D45D64044938EB5D02_1093236070
 |- Actor Package: /Game/__ExternalActors__/ThirdPerson/Maps/PlayGround/5/RM/0X14TXUK2NKIOYOL8AJRLM
 |- Actor Path: /Game/ThirdPerson/Maps/PlayGround.PlayGround:PersistentLevel.StaticMeshActor_UAID_D45D64044938EB5D02_1093238071
 |- Actor Package: /Game/__ExternalActors__/ThirdPerson/Maps/PlayGround/E/LI/KQG9WPQATGLVAZS4QAUKO4
 |- Actor Path: /Game/ThirdPerson/Maps/PlayGround.PlayGround:PersistentLevel.StaticMeshActor_UAID_D45D64044938EB5D02_1093238072
 |- Actor Package: /Game/__ExternalActors__/ThirdPerson/Maps/PlayGround/A/EJ/JM4FQ0OX1I4UQOI5BGQLMH
 |- Actor Path: /Game/ThirdPerson/Maps/PlayGround.PlayGround:PersistentLevel.StaticMeshActor_UAID_D45D64044938EB5D02_1093240073
 |- Actor Package: /Game/__ExternalActors__/ThirdPerson/Maps/PlayGround/C/7U/VV33CO2E73Y0UUQG3C076H
 |- Actor Path: /Game/ThirdPerson/Maps/PlayGround.PlayGround:PersistentLevel.StaticMeshActor_UAID_D45D64044938EB5D02_1093241074
 |- Actor Package: /Game/__ExternalActors__/ThirdPerson/Maps/PlayGround/8/83/GZISCWLWJZUOUA4IEWCSHN
 |- Actor Path: /Game/ThirdPerson/Maps/PlayGround.PlayGround:PersistentLevel.StaticMeshActor_UAID_D45D64044938EB5D02_1103766075
 |- Actor Package: /Game/__ExternalActors__/ThirdPerson/Maps/PlayGround/D/BY/7T2LWAYAHKZPFHY1R4FQPE
 |- Actor Path: /Game/ThirdPerson/Maps/PlayGround.PlayGround:PersistentLevel.StaticMeshActor_UAID_D45D64044938EB5D02_1103768076
 |- Actor Package: /Game/__ExternalActors__/ThirdPerson/Maps/PlayGround/1/75/053D3YR9J05308F6677B52
 |- Actor Path: /Game/ThirdPerson/Maps/PlayGround.PlayGround:PersistentLevel.StaticMeshActor_UAID_D45D64044938EB5D02_1103769077
 |- Actor Package: /Game/__ExternalActors__/ThirdPerson/Maps/PlayGround/4/0S/AXHTGVMFZ8YVA9OHCV40JK
 |- Actor Path: /Game/ThirdPerson/Maps/PlayGround.PlayGround:PersistentLevel.StaticMeshActor_UAID_D45D64044938EB5D02_1103771078
 |- Actor Package: /Game/__ExternalActors__/ThirdPerson/Maps/PlayGround/C/OK/HC6NWTV1SR5V3LMG8T5UC2
 |- Actor Path: /Game/ThirdPerson/Maps/PlayGround.PlayGround:PersistentLevel.StaticMeshActor_UAID_D45D64044938EB5D02_1103772079
 |- Actor Package: /Game/__ExternalActors__/ThirdPerson/Maps/PlayGround/5/K2/2PXX0P9N5AHULYN7NAS235
 |- Actor Path: /Game/ThirdPerson/Maps/PlayGround.PlayGround:PersistentLevel.TextRenderActor_1
 |- Actor Package: /Game/__ExternalActors__/ThirdPerson/Maps/PlayGround/E/G4/0S58T9XL637HR00X070FMM
 |- Actor Path: /Game/ThirdPerson/Maps/PlayGround.PlayGround:PersistentLevel.VolumetricCloud_1
 |- Actor Package: /Game/__ExternalActors__/ThirdPerson/Maps/PlayGround/C/KJ/QYO1T0TZV8RA7ZYGQ74ACC
 |- Actor Path: /Game/ThirdPerson/Maps/PlayGround.PlayGround:PersistentLevel.WorldDataLayers
 |- Actor Package: /Game/__ExternalActors__/ThirdPerson/Maps/PlayGround/C/HG/10DGU3RLQWX3POH738JP6P

----------------------------------------------------------------------------------------------------------------
PlayGround - Runtime Hash Set
----------------------------------------------------------------------------------------------------------------

