[+] Containers:
 |- [+] Container: /Game/ThirdPerson/Maps/ThirdPersonMap
 |   |- [+] ActorDescs:
 |   |   |- Guid:174DF71143EA367D14F3838C26CC06DF NativeClass:/Script/Engine.SkyLight Name:SkyLight_0 Label:SkyLight SpatiallyLoaded:false EditorBounds:IsValid=true, Min=(X=0.000 Y=0.000 Z=690.000), Max=(X=0.000 Y=0.000 Z=690.000) RuntimeBounds:IsValid=true, Min=(X=0.000 Y=0.000 Z=690.000), Max=(X=0.000 Y=0.000 Z=690.000) RuntimeGrid:None EditorOnly:false RuntimeOnly:false HLODRelevant:false ListedInSceneOutliner:true IsMainWorldOnly:false FolderPath:Lighting FolderGuid:08A10B054C95868C663DE39EE4343813
 |   |   |- Guid:4F7B735A44E12B4B031927A9FC21C460 NativeClass:/Script/Engine.VolumetricCloud Name:VolumetricCloud_1 Label:VolumetricCloud SpatiallyLoaded:false EditorBounds:IsValid=true, Min=(X=0.000 Y=0.000 Z=820.000), Max=(X=0.000 Y=0.000 Z=820.000) RuntimeBounds:IsValid=true, Min=(X=0.000 Y=0.000 Z=820.000), Max=(X=0.000 Y=0.000 Z=820.000) RuntimeGrid:None EditorOnly:false RuntimeOnly:false HLODRelevant:false ListedInSceneOutliner:true IsMainWorldOnly:false FolderPath:Lighting FolderGuid:08A10B054C95868C663DE39EE4343813
 |   |   |- Guid:5C7C5C40408F48C386D06CA03AB130C2 NativeClass:/Script/Engine.StaticMeshActor Name:StaticMeshActor_UAID_A4AE111137DC5EFB00_1594956423 Label:SM_SkySphere SpatiallyLoaded:false EditorBounds:IsValid=true, Min=(X=-1638400.000 Y=-1638400.000 Z=-1638400.000), Max=(X=1638400.000 Y=1638400.000 Z=1638400.000) RuntimeBounds:IsValid=true, Min=(X=-1638400.000 Y=-1638400.000 Z=-1638400.000), Max=(X=1638400.000 Y=1638400.000 Z=1638400.000) RuntimeGrid:None EditorOnly:false RuntimeOnly:false HLODRelevant:true ListedInSceneOutliner:true IsMainWorldOnly:false FolderPath:Lighting FolderGuid:08A10B054C95868C663DE39EE4343813
 |   |   |- Guid:614CA7B84A11D17E8589EB815357E6DF BaseClass:/Game/ThirdPerson/Blueprints/BP_Metal.BP_Metal_C NativeClass:/Script/MB_Project.Metal Name:BP_Metal_C_UAID_D45D64044938246F02_1520452048 Label:BP_Metal SpatiallyLoaded:true EditorBounds:IsValid=true, Min=(X=2950.000 Y=4150.000 Z=3450.000), Max=(X=3050.000 Y=4250.000 Z=3550.000) RuntimeBounds:IsValid=true, Min=(X=2950.000 Y=4150.000 Z=3450.000), Max=(X=3050.000 Y=4250.000 Z=3550.000) RuntimeGrid:None EditorOnly:false RuntimeOnly:false HLODRelevant:false ListedInSceneOutliner:true IsMainWorldOnly:false FolderPath:Playground FolderGuid:8CD33C9A4E75AD59B95486AC740693D6
 |   |   |- Guid:664A87DA48B6EE38C0ACEA9AEDBA4BA0 NativeClass:/Script/Engine.TextRenderActor Name:TextRenderActor_1 Label:TextRenderActor SpatiallyLoaded:true EditorBounds:IsValid=true, Min=(X=-0.100 Y=1100.000 Z=65.013), Max=(X=-0.100 Y=2392.308 Z=215.013) RuntimeBounds:IsValid=true, Min=(X=-0.100 Y=1100.000 Z=65.013), Max=(X=-0.100 Y=2392.308 Z=215.013) RuntimeGrid:None EditorOnly:false RuntimeOnly:false HLODRelevant:false ListedInSceneOutliner:true IsMainWorldOnly:false
 |   |   |- Guid:788903924598EC8109F9709A8AB41C0D NativeClass:/Script/Engine.WorldDataLayers Name:WorldDataLayers Label:WorldDataLayers-1 SpatiallyLoaded:false EditorBounds:IsValid=true, Min=(X=0.000 Y=0.000 Z=0.000), Max=(X=0.000 Y=0.000 Z=0.000) RuntimeBounds:IsValid=true, Min=(X=0.000 Y=0.000 Z=0.000), Max=(X=0.000 Y=0.000 Z=0.000) RuntimeGrid:None EditorOnly:false RuntimeOnly:false HLODRelevant:false ListedInSceneOutliner:true IsMainWorldOnly:true
 |   |   |- Guid:847317D340647920AB4E7FAD1AD6DBAC BaseClass:/Game/ThirdPerson/Blueprints/LevelBPs/BP_TeleporterBox.BP_TeleporterBox_C NativeClass:/Script/Engine.Actor Name:BP_TeleporterBox_C_UAID_D45D640449388B5F02_1090188279 Label:BP_TeleporterBox SpatiallyLoaded:true EditorBounds:IsValid=true, Min=(X=9108.000 Y=-497.400 Z=-70.000), Max=(X=9172.000 Y=347.400 Z=570.000) RuntimeBounds:IsValid=true, Min=(X=9108.000 Y=-497.400 Z=-70.000), Max=(X=9172.000 Y=347.400 Z=570.000) RuntimeGrid:None EditorOnly:false RuntimeOnly:false HLODRelevant:false ListedInSceneOutliner:true IsMainWorldOnly:false
 |   |   |- Guid:9FFE6665469AE829D82050A8B1F67178 NativeClass:/Script/Engine.DirectionalLight Name:DirectionalLight_1 Label:DirectionalLight SpatiallyLoaded:false EditorBounds:IsValid=true, Min=(X=-1048576.000 Y=-1048576.000 Z=-1048576.000), Max=(X=1048576.000 Y=1048576.000 Z=1048576.000) RuntimeBounds:IsValid=true, Min=(X=-1048576.000 Y=-1048576.000 Z=-1048576.000), Max=(X=1048576.000 Y=1048576.000 Z=1048576.000) RuntimeGrid:None EditorOnly:false RuntimeOnly:false HLODRelevant:false ListedInSceneOutliner:true IsMainWorldOnly:false FolderPath:Lighting FolderGuid:08A10B054C95868C663DE39EE4343813
 |   |   |- Guid:A85A7AD046A0462D176E6889992C1216 NativeClass:/Script/Engine.PostProcessVolume Name:PostProcessVolume_0 Label:PostProcessVolume SpatiallyLoaded:false EditorBounds:IsValid=true, Min=(X=0.000 Y=0.000 Z=400.000), Max=(X=200.000 Y=200.000 Z=600.000) RuntimeBounds:IsValid=true, Min=(X=0.000 Y=0.000 Z=400.000), Max=(X=200.000 Y=200.000 Z=600.000) RuntimeGrid:None EditorOnly:false RuntimeOnly:false HLODRelevant:false ListedInSceneOutliner:true IsMainWorldOnly:false FolderPath:Lighting FolderGuid:08A10B054C95868C663DE39EE4343813
 |   |   |- Guid:B17AB6C148B71B06C643CDB8DC624360 BaseClass:/Game/ThirdPerson/Blueprints/LevelBPs/BP_TeleporterPortal.BP_TeleporterPortal_C NativeClass:/Script/Engine.Actor Name:BP_TeleporterPortal_C_UAID_D45D640449388B5F02_1099160280 Label:BP_TeleporterPortal SpatiallyLoaded:true EditorBounds:IsValid=true, Min=(X=10840.000 Y=2475.000 Z=250.000), Max=(X=10840.000 Y=2475.000 Z=250.000) RuntimeBounds:IsValid=true, Min=(X=10840.000 Y=2475.000 Z=250.000), Max=(X=10840.000 Y=2475.000 Z=250.000) RuntimeGrid:None EditorOnly:false RuntimeOnly:false HLODRelevant:false ListedInSceneOutliner:true IsMainWorldOnly:false
 |   |   |- Guid:B23C247D4E34A96052E563A19E79FA75 NativeClass:/Script/Engine.ExponentialHeightFog Name:ExponentialHeightFog_1 Label:ExponentialHeightFog SpatiallyLoaded:false EditorBounds:IsValid=true, Min=(X=-5600.000 Y=-50.000 Z=-6850.000), Max=(X=-5600.000 Y=-50.000 Z=-6850.000) RuntimeBounds:IsValid=true, Min=(X=-5600.000 Y=-50.000 Z=-6850.000), Max=(X=-5600.000 Y=-50.000 Z=-6850.000) RuntimeGrid:None EditorOnly:false RuntimeOnly:false HLODRelevant:false ListedInSceneOutliner:true IsMainWorldOnly:false FolderPath:Lighting FolderGuid:08A10B054C95868C663DE39EE4343813
 |   |   |- Guid:BC42D9B9467E38655AFC6DB667A61ECA NativeClass:/Script/Engine.StaticMeshActor Name:StaticMeshActor_49 Label:SM_Cube11 SpatiallyLoaded:true EditorBounds:IsValid=true, Min=(X=-1000.000 Y=-700.000 Z=0.000), Max=(X=55310.016 Y=55610.016 Z=200.000) RuntimeBounds:IsValid=true, Min=(X=-1000.000 Y=-700.000 Z=0.000), Max=(X=55310.016 Y=55610.016 Z=200.000) RuntimeGrid:None EditorOnly:false RuntimeOnly:false HLODRelevant:true ListedInSceneOutliner:true IsMainWorldOnly:false FolderPath:Block03 FolderGuid:8CD3949449A9ED1D3F209CA69A64B60F
 |   |   |- Guid:C726A3284B806D4C379405885740B688 NativeClass:/Script/Engine.PlayerStart Name:PlayerStart_0 Label:PlayerStart SpatiallyLoaded:false EditorBounds:IsValid=true, Min=(X=2842.000 Y=3900.000 Z=2837.345), Max=(X=3098.000 Y=4268.000 Z=3093.345) RuntimeBounds:IsValid=true, Min=(X=2930.000 Y=4100.000 Z=2873.345), Max=(X=3010.000 Y=4180.000 Z=3057.345) RuntimeGrid:None EditorOnly:false RuntimeOnly:false HLODRelevant:false ListedInSceneOutliner:true IsMainWorldOnly:false
 |   |   |- Guid:D9E3F1B64A7170124F6BA99F7621F609 NativeClass:/Script/Engine.StaticMeshActor Name:StaticMeshActor_UAID_D45D64044938246F02_1409446047 Label:SM_Cube12 SpatiallyLoaded:true EditorBounds:IsValid=true, Min=(X=2200.000 Y=3400.000 Z=200.000), Max=(X=3890.034 Y=5090.034 Z=2870.007) RuntimeBounds:IsValid=true, Min=(X=2200.000 Y=3400.000 Z=200.000), Max=(X=3890.034 Y=5090.034 Z=2870.007) RuntimeGrid:None EditorOnly:false RuntimeOnly:false HLODRelevant:true ListedInSceneOutliner:true IsMainWorldOnly:false FolderPath:Block03 FolderGuid:8CD3949449A9ED1D3F209CA69A64B60F
 |   |   |- Guid:E0448074495DBE5A816DA29FBAF81DB5 NativeClass:/Script/Engine.StaticMeshActor Name:StaticMeshActor_UAID_D45D64044938246F02_1554581049 Label:SM_Cube13 SpatiallyLoaded:true EditorBounds:IsValid=true, Min=(X=6600.000 Y=3400.000 Z=200.000), Max=(X=8290.034 Y=5090.034 Z=2870.007) RuntimeBounds:IsValid=true, Min=(X=6600.000 Y=3400.000 Z=200.000), Max=(X=8290.034 Y=5090.034 Z=2870.007) RuntimeGrid:None EditorOnly:false RuntimeOnly:false HLODRelevant:true ListedInSceneOutliner:true IsMainWorldOnly:false FolderPath:Block03 FolderGuid:8CD3949449A9ED1D3F209CA69A64B60F
 |   |   |- Guid:E7C88B004DFFF4BE08155AB223A0EF2C NativeClass:/Script/Engine.SkyAtmosphere Name:SkyAtmosphere_1 Label:SkyAtmosphere SpatiallyLoaded:false EditorBounds:IsValid=true, Min=(X=-198.000 Y=-18.000 Z=892.000), Max=(X=170.000 Y=238.000 Z=1148.000) RuntimeBounds:IsValid=true, Min=(X=-70.000 Y=110.000 Z=1020.000), Max=(X=-70.000 Y=110.000 Z=1020.000) RuntimeGrid:None EditorOnly:false RuntimeOnly:false HLODRelevant:false ListedInSceneOutliner:true IsMainWorldOnly:false FolderPath:Lighting FolderGuid:08A10B054C95868C663DE39EE4343813
 |   |   |- Guid:E9F4000048E5D502D6003DA5F79285B2 BaseClass:/Game/ThirdPerson/Blueprints/BP_Metal.BP_Metal_C NativeClass:/Script/MB_Project.Metal Name:BP_Metal_C_UAID_D45D64044938246F02_1563778050 Label:BP_Metal2 SpatiallyLoaded:true EditorBounds:IsValid=true, Min=(X=7450.000 Y=4150.000 Z=3450.000), Max=(X=7550.000 Y=4250.000 Z=3550.000) RuntimeBounds:IsValid=true, Min=(X=7450.000 Y=4150.000 Z=3450.000), Max=(X=7550.000 Y=4250.000 Z=3550.000) RuntimeGrid:None EditorOnly:false RuntimeOnly:false HLODRelevant:false ListedInSceneOutliner:true IsMainWorldOnly:false FolderPath:Playground FolderGuid:8CD33C9A4E75AD59B95486AC740693D6
 |   |- [+] Clusters:
 |   |   |- [+] [  0]
 |   |   |   |- Guid:174DF71143EA367D14F3838C26CC06DF NativeClass:/Script/Engine.SkyLight Name:SkyLight_0 Label:SkyLight SpatiallyLoaded:false EditorBounds:IsValid=true, Min=(X=0.000 Y=0.000 Z=690.000), Max=(X=0.000 Y=0.000 Z=690.000) RuntimeBounds:IsValid=true, Min=(X=0.000 Y=0.000 Z=690.000), Max=(X=0.000 Y=0.000 Z=690.000) RuntimeGrid:None EditorOnly:false RuntimeOnly:false HLODRelevant:false ListedInSceneOutliner:true IsMainWorldOnly:false FolderPath:Lighting FolderGuid:08A10B054C95868C663DE39EE4343813
 |   |   |- [+] [  1]
 |   |   |   |- Guid:4F7B735A44E12B4B031927A9FC21C460 NativeClass:/Script/Engine.VolumetricCloud Name:VolumetricCloud_1 Label:VolumetricCloud SpatiallyLoaded:false EditorBounds:IsValid=true, Min=(X=0.000 Y=0.000 Z=820.000), Max=(X=0.000 Y=0.000 Z=820.000) RuntimeBounds:IsValid=true, Min=(X=0.000 Y=0.000 Z=820.000), Max=(X=0.000 Y=0.000 Z=820.000) RuntimeGrid:None EditorOnly:false RuntimeOnly:false HLODRelevant:false ListedInSceneOutliner:true IsMainWorldOnly:false FolderPath:Lighting FolderGuid:08A10B054C95868C663DE39EE4343813
 |   |   |- [+] [  2]
 |   |   |   |- Guid:5C7C5C40408F48C386D06CA03AB130C2 NativeClass:/Script/Engine.StaticMeshActor Name:StaticMeshActor_UAID_A4AE111137DC5EFB00_1594956423 Label:SM_SkySphere SpatiallyLoaded:false EditorBounds:IsValid=true, Min=(X=-1638400.000 Y=-1638400.000 Z=-1638400.000), Max=(X=1638400.000 Y=1638400.000 Z=1638400.000) RuntimeBounds:IsValid=true, Min=(X=-1638400.000 Y=-1638400.000 Z=-1638400.000), Max=(X=1638400.000 Y=1638400.000 Z=1638400.000) RuntimeGrid:None EditorOnly:false RuntimeOnly:false HLODRelevant:true ListedInSceneOutliner:true IsMainWorldOnly:false FolderPath:Lighting FolderGuid:08A10B054C95868C663DE39EE4343813
 |   |   |- [+] [  3]
 |   |   |   |- Guid:614CA7B84A11D17E8589EB815357E6DF BaseClass:/Game/ThirdPerson/Blueprints/BP_Metal.BP_Metal_C NativeClass:/Script/MB_Project.Metal Name:BP_Metal_C_UAID_D45D64044938246F02_1520452048 Label:BP_Metal SpatiallyLoaded:true EditorBounds:IsValid=true, Min=(X=2950.000 Y=4150.000 Z=3450.000), Max=(X=3050.000 Y=4250.000 Z=3550.000) RuntimeBounds:IsValid=true, Min=(X=2950.000 Y=4150.000 Z=3450.000), Max=(X=3050.000 Y=4250.000 Z=3550.000) RuntimeGrid:None EditorOnly:false RuntimeOnly:false HLODRelevant:false ListedInSceneOutliner:true IsMainWorldOnly:false FolderPath:Playground FolderGuid:8CD33C9A4E75AD59B95486AC740693D6
 |   |   |- [+] [  4]
 |   |   |   |- Guid:664A87DA48B6EE38C0ACEA9AEDBA4BA0 NativeClass:/Script/Engine.TextRenderActor Name:TextRenderActor_1 Label:TextRenderActor SpatiallyLoaded:true EditorBounds:IsValid=true, Min=(X=-0.100 Y=1100.000 Z=65.013), Max=(X=-0.100 Y=2392.308 Z=215.013) RuntimeBounds:IsValid=true, Min=(X=-0.100 Y=1100.000 Z=65.013), Max=(X=-0.100 Y=2392.308 Z=215.013) RuntimeGrid:None EditorOnly:false RuntimeOnly:false HLODRelevant:false ListedInSceneOutliner:true IsMainWorldOnly:false
 |   |   |- [+] [  5]
 |   |   |   |- Guid:788903924598EC8109F9709A8AB41C0D NativeClass:/Script/Engine.WorldDataLayers Name:WorldDataLayers Label:WorldDataLayers-1 SpatiallyLoaded:false EditorBounds:IsValid=true, Min=(X=0.000 Y=0.000 Z=0.000), Max=(X=0.000 Y=0.000 Z=0.000) RuntimeBounds:IsValid=true, Min=(X=0.000 Y=0.000 Z=0.000), Max=(X=0.000 Y=0.000 Z=0.000) RuntimeGrid:None EditorOnly:false RuntimeOnly:false HLODRelevant:false ListedInSceneOutliner:true IsMainWorldOnly:true
 |   |   |- [+] [  6]
 |   |   |   |- Guid:847317D340647920AB4E7FAD1AD6DBAC BaseClass:/Game/ThirdPerson/Blueprints/LevelBPs/BP_TeleporterBox.BP_TeleporterBox_C NativeClass:/Script/Engine.Actor Name:BP_TeleporterBox_C_UAID_D45D640449388B5F02_1090188279 Label:BP_TeleporterBox SpatiallyLoaded:true EditorBounds:IsValid=true, Min=(X=9108.000 Y=-497.400 Z=-70.000), Max=(X=9172.000 Y=347.400 Z=570.000) RuntimeBounds:IsValid=true, Min=(X=9108.000 Y=-497.400 Z=-70.000), Max=(X=9172.000 Y=347.400 Z=570.000) RuntimeGrid:None EditorOnly:false RuntimeOnly:false HLODRelevant:false ListedInSceneOutliner:true IsMainWorldOnly:false
 |   |   |   |- Guid:B17AB6C148B71B06C643CDB8DC624360 BaseClass:/Game/ThirdPerson/Blueprints/LevelBPs/BP_TeleporterPortal.BP_TeleporterPortal_C NativeClass:/Script/Engine.Actor Name:BP_TeleporterPortal_C_UAID_D45D640449388B5F02_1099160280 Label:BP_TeleporterPortal SpatiallyLoaded:true EditorBounds:IsValid=true, Min=(X=10840.000 Y=2475.000 Z=250.000), Max=(X=10840.000 Y=2475.000 Z=250.000) RuntimeBounds:IsValid=true, Min=(X=10840.000 Y=2475.000 Z=250.000), Max=(X=10840.000 Y=2475.000 Z=250.000) RuntimeGrid:None EditorOnly:false RuntimeOnly:false HLODRelevant:false ListedInSceneOutliner:true IsMainWorldOnly:false
 |   |   |- [+] [  7]
 |   |   |   |- Guid:9FFE6665469AE829D82050A8B1F67178 NativeClass:/Script/Engine.DirectionalLight Name:DirectionalLight_1 Label:DirectionalLight SpatiallyLoaded:false EditorBounds:IsValid=true, Min=(X=-1048576.000 Y=-1048576.000 Z=-1048576.000), Max=(X=1048576.000 Y=1048576.000 Z=1048576.000) RuntimeBounds:IsValid=true, Min=(X=-1048576.000 Y=-1048576.000 Z=-1048576.000), Max=(X=1048576.000 Y=1048576.000 Z=1048576.000) RuntimeGrid:None EditorOnly:false RuntimeOnly:false HLODRelevant:false ListedInSceneOutliner:true IsMainWorldOnly:false FolderPath:Lighting FolderGuid:08A10B054C95868C663DE39EE4343813
 |   |   |- [+] [  8]
 |   |   |   |- Guid:A85A7AD046A0462D176E6889992C1216 NativeClass:/Script/Engine.PostProcessVolume Name:PostProcessVolume_0 Label:PostProcessVolume SpatiallyLoaded:false EditorBounds:IsValid=true, Min=(X=0.000 Y=0.000 Z=400.000), Max=(X=200.000 Y=200.000 Z=600.000) RuntimeBounds:IsValid=true, Min=(X=0.000 Y=0.000 Z=400.000), Max=(X=200.000 Y=200.000 Z=600.000) RuntimeGrid:None EditorOnly:false RuntimeOnly:false HLODRelevant:false ListedInSceneOutliner:true IsMainWorldOnly:false FolderPath:Lighting FolderGuid:08A10B054C95868C663DE39EE4343813
 |   |   |- [+] [  9]
 |   |   |   |- Guid:B23C247D4E34A96052E563A19E79FA75 NativeClass:/Script/Engine.ExponentialHeightFog Name:ExponentialHeightFog_1 Label:ExponentialHeightFog SpatiallyLoaded:false EditorBounds:IsValid=true, Min=(X=-5600.000 Y=-50.000 Z=-6850.000), Max=(X=-5600.000 Y=-50.000 Z=-6850.000) RuntimeBounds:IsValid=true, Min=(X=-5600.000 Y=-50.000 Z=-6850.000), Max=(X=-5600.000 Y=-50.000 Z=-6850.000) RuntimeGrid:None EditorOnly:false RuntimeOnly:false HLODRelevant:false ListedInSceneOutliner:true IsMainWorldOnly:false FolderPath:Lighting FolderGuid:08A10B054C95868C663DE39EE4343813
 |   |   |- [+] [ 10]
 |   |   |   |- Guid:BC42D9B9467E38655AFC6DB667A61ECA NativeClass:/Script/Engine.StaticMeshActor Name:StaticMeshActor_49 Label:SM_Cube11 SpatiallyLoaded:true EditorBounds:IsValid=true, Min=(X=-1000.000 Y=-700.000 Z=0.000), Max=(X=55310.016 Y=55610.016 Z=200.000) RuntimeBounds:IsValid=true, Min=(X=-1000.000 Y=-700.000 Z=0.000), Max=(X=55310.016 Y=55610.016 Z=200.000) RuntimeGrid:None EditorOnly:false RuntimeOnly:false HLODRelevant:true ListedInSceneOutliner:true IsMainWorldOnly:false FolderPath:Block03 FolderGuid:8CD3949449A9ED1D3F209CA69A64B60F
 |   |   |- [+] [ 11]
 |   |   |   |- Guid:C726A3284B806D4C379405885740B688 NativeClass:/Script/Engine.PlayerStart Name:PlayerStart_0 Label:PlayerStart SpatiallyLoaded:false EditorBounds:IsValid=true, Min=(X=2842.000 Y=3900.000 Z=2837.345), Max=(X=3098.000 Y=4268.000 Z=3093.345) RuntimeBounds:IsValid=true, Min=(X=2930.000 Y=4100.000 Z=2873.345), Max=(X=3010.000 Y=4180.000 Z=3057.345) RuntimeGrid:None EditorOnly:false RuntimeOnly:false HLODRelevant:false ListedInSceneOutliner:true IsMainWorldOnly:false
 |   |   |- [+] [ 12]
 |   |   |   |- Guid:D9E3F1B64A7170124F6BA99F7621F609 NativeClass:/Script/Engine.StaticMeshActor Name:StaticMeshActor_UAID_D45D64044938246F02_1409446047 Label:SM_Cube12 SpatiallyLoaded:true EditorBounds:IsValid=true, Min=(X=2200.000 Y=3400.000 Z=200.000), Max=(X=3890.034 Y=5090.034 Z=2870.007) RuntimeBounds:IsValid=true, Min=(X=2200.000 Y=3400.000 Z=200.000), Max=(X=3890.034 Y=5090.034 Z=2870.007) RuntimeGrid:None EditorOnly:false RuntimeOnly:false HLODRelevant:true ListedInSceneOutliner:true IsMainWorldOnly:false FolderPath:Block03 FolderGuid:8CD3949449A9ED1D3F209CA69A64B60F
 |   |   |- [+] [ 13]
 |   |   |   |- Guid:E0448074495DBE5A816DA29FBAF81DB5 NativeClass:/Script/Engine.StaticMeshActor Name:StaticMeshActor_UAID_D45D64044938246F02_1554581049 Label:SM_Cube13 SpatiallyLoaded:true EditorBounds:IsValid=true, Min=(X=6600.000 Y=3400.000 Z=200.000), Max=(X=8290.034 Y=5090.034 Z=2870.007) RuntimeBounds:IsValid=true, Min=(X=6600.000 Y=3400.000 Z=200.000), Max=(X=8290.034 Y=5090.034 Z=2870.007) RuntimeGrid:None EditorOnly:false RuntimeOnly:false HLODRelevant:true ListedInSceneOutliner:true IsMainWorldOnly:false FolderPath:Block03 FolderGuid:8CD3949449A9ED1D3F209CA69A64B60F
 |   |   |- [+] [ 14]
 |   |   |   |- Guid:E7C88B004DFFF4BE08155AB223A0EF2C NativeClass:/Script/Engine.SkyAtmosphere Name:SkyAtmosphere_1 Label:SkyAtmosphere SpatiallyLoaded:false EditorBounds:IsValid=true, Min=(X=-198.000 Y=-18.000 Z=892.000), Max=(X=170.000 Y=238.000 Z=1148.000) RuntimeBounds:IsValid=true, Min=(X=-70.000 Y=110.000 Z=1020.000), Max=(X=-70.000 Y=110.000 Z=1020.000) RuntimeGrid:None EditorOnly:false RuntimeOnly:false HLODRelevant:false ListedInSceneOutliner:true IsMainWorldOnly:false FolderPath:Lighting FolderGuid:08A10B054C95868C663DE39EE4343813
 |   |   |- [+] [ 15]
 |   |   |   |- Guid:E9F4000048E5D502D6003DA5F79285B2 BaseClass:/Game/ThirdPerson/Blueprints/BP_Metal.BP_Metal_C NativeClass:/Script/MB_Project.Metal Name:BP_Metal_C_UAID_D45D64044938246F02_1563778050 Label:BP_Metal2 SpatiallyLoaded:true EditorBounds:IsValid=true, Min=(X=7450.000 Y=4150.000 Z=3450.000), Max=(X=7550.000 Y=4250.000 Z=3550.000) RuntimeBounds:IsValid=true, Min=(X=7450.000 Y=4150.000 Z=3450.000), Max=(X=7550.000 Y=4250.000 Z=3550.000) RuntimeGrid:None EditorOnly:false RuntimeOnly:false HLODRelevant:false ListedInSceneOutliner:true IsMainWorldOnly:false FolderPath:Playground FolderGuid:8CD33C9A4E75AD59B95486AC740693D6
 |- ContainerInstances:
 |- [+] MainContainer:
 |   |-        ID: 00000000000000000000000000000000
 |   |-  ParentID: 00000000000000000000000000000000
 |   |-    Bounds: IsValid=false, Min=(X=0.000 Y=0.000 Z=0.000), Max=(X=0.000 Y=0.000 Z=0.000)
 |   |- Transform: 0.000000,0.000000,0.000000|0.000000,0.000000,-0.000000|1.000000,1.000000,1.000000
 |   |- Container: /Game/ThirdPerson/Maps/ThirdPersonMap
----------------------------------------------------------------------------------------------------------------
ThirdPersonMap - Persistent Level
----------------------------------------------------------------------------------------------------------------
[+] Content of ThirdPersonMap Persistent Level
 |- Always loaded Actor Count: 17 
 |- Actor Path: /Game/ThirdPerson/Maps/ThirdPersonMap.ThirdPersonMap:PersistentLevel.BP_Metal_C_UAID_D45D64044938246F02_1520452048
 |- Actor Package: /Game/__ExternalActors__/ThirdPerson/Maps/ThirdPersonMap/A/90/9OWENOFVQTDXW9PG19DXPD
 |- Actor Path: /Game/ThirdPerson/Maps/ThirdPersonMap.ThirdPersonMap:PersistentLevel.BP_Metal_C_UAID_D45D64044938246F02_1563778050
 |- Actor Package: /Game/__ExternalActors__/ThirdPerson/Maps/ThirdPersonMap/C/X8/6OKMOYTSAWOZDIOKEUTYYW
 |- Actor Path: /Game/ThirdPerson/Maps/ThirdPersonMap.ThirdPersonMap:PersistentLevel.BP_TeleporterBox_C_UAID_D45D640449388B5F02_1090188279
 |- Actor Package: /Game/__ExternalActors__/ThirdPerson/Maps/ThirdPersonMap/9/0H/9ZJMQY6APOHE6YAQAGWASF
 |- Actor Path: /Game/ThirdPerson/Maps/ThirdPersonMap.ThirdPersonMap:PersistentLevel.BP_TeleporterPortal_C_UAID_D45D640449388B5F02_1099160280
 |- Actor Package: /Game/__ExternalActors__/ThirdPerson/Maps/ThirdPersonMap/4/QK/7EIDBZALLL6Q40CLT6D60J
 |- Actor Path: /Game/ThirdPerson/Maps/ThirdPersonMap.ThirdPersonMap:PersistentLevel.DirectionalLight_1
 |- Actor Package: /Game/__ExternalActors__/ThirdPerson/Maps/ThirdPersonMap/1/EJ/PGUWWHRTS59S34GKBX0OUI
 |- Actor Path: /Game/ThirdPerson/Maps/ThirdPersonMap.ThirdPersonMap:PersistentLevel.ExponentialHeightFog_1
 |- Actor Package: /Game/__ExternalActors__/ThirdPerson/Maps/ThirdPersonMap/B/KW/9YH18EUCJFK5CZXL6H3W3R
 |- Actor Path: /Game/ThirdPerson/Maps/ThirdPersonMap.ThirdPersonMap:PersistentLevel.PlayerStart_0
 |- Actor Package: /Game/__ExternalActors__/ThirdPerson/Maps/ThirdPersonMap/D/DE/SWSI13675DVYIZ0N4NF7Y3
 |- Actor Path: /Game/ThirdPerson/Maps/ThirdPersonMap.ThirdPersonMap:PersistentLevel.PostProcessVolume_0
 |- Actor Package: /Game/__ExternalActors__/ThirdPerson/Maps/ThirdPersonMap/1/AZ/A7GPT109Y6ZTTJD4A7TXER
 |- Actor Path: /Game/ThirdPerson/Maps/ThirdPersonMap.ThirdPersonMap:PersistentLevel.SkyAtmosphere_1
 |- Actor Package: /Game/__ExternalActors__/ThirdPerson/Maps/ThirdPersonMap/8/H9/GITN2HJQNERMM41FAE68W0
 |- Actor Path: /Game/ThirdPerson/Maps/ThirdPersonMap.ThirdPersonMap:PersistentLevel.SkyLight_0
 |- Actor Package: /Game/__ExternalActors__/ThirdPerson/Maps/ThirdPersonMap/6/NP/Z9EK2TXQ1TFO26WFZHWZII
 |- Actor Path: /Game/ThirdPerson/Maps/ThirdPersonMap.ThirdPersonMap:PersistentLevel.StaticMeshActor_49
 |- Actor Package: /Game/__ExternalActors__/ThirdPerson/Maps/ThirdPersonMap/0/FZ/4XWWUGWFDLX56REQRH8Z9W
 |- Actor Path: /Game/ThirdPerson/Maps/ThirdPersonMap.ThirdPersonMap:PersistentLevel.StaticMeshActor_UAID_A4AE111137DC5EFB00_1594956423
 |- Actor Package: /Game/__ExternalActors__/ThirdPerson/Maps/ThirdPersonMap/3/OG/KDQDMXAXZXD8VLDDU4K3JL
 |- Actor Path: /Game/ThirdPerson/Maps/ThirdPersonMap.ThirdPersonMap:PersistentLevel.StaticMeshActor_UAID_D45D64044938246F02_1409446047
 |- Actor Package: /Game/__ExternalActors__/ThirdPerson/Maps/ThirdPersonMap/0/Q5/0YWC1XZNW432CQ288DDMLE
 |- Actor Path: /Game/ThirdPerson/Maps/ThirdPersonMap.ThirdPersonMap:PersistentLevel.StaticMeshActor_UAID_D45D64044938246F02_1554581049
 |- Actor Package: /Game/__ExternalActors__/ThirdPerson/Maps/ThirdPersonMap/8/CQ/2BCZCSCKQX5ET88PAQOIQH
 |- Actor Path: /Game/ThirdPerson/Maps/ThirdPersonMap.ThirdPersonMap:PersistentLevel.TextRenderActor_1
 |- Actor Package: /Game/__ExternalActors__/ThirdPerson/Maps/ThirdPersonMap/1/WU/NB37RT5Q32Z8MJWD8BD2SO
 |- Actor Path: /Game/ThirdPerson/Maps/ThirdPersonMap.ThirdPersonMap:PersistentLevel.VolumetricCloud_1
 |- Actor Package: /Game/__ExternalActors__/ThirdPerson/Maps/ThirdPersonMap/2/66/0OP5U85W4H0R7CHG999ZDN
 |- Actor Path: /Game/ThirdPerson/Maps/ThirdPersonMap.ThirdPersonMap:PersistentLevel.WorldDataLayers
 |- Actor Package: /Game/__ExternalActors__/ThirdPerson/Maps/ThirdPersonMap/0/43/HYQWORMY4JDQ5X3OKZXFLC

----------------------------------------------------------------------------------------------------------------
ThirdPersonMap - Runtime Hash Set
----------------------------------------------------------------------------------------------------------------

